Component: ARM Compiler 5.06 update 7 (build 960) Tool: armlink [4d3601]

==============================================================================

Section Cross References

    startup_stm32g030xx.o(STACK) refers (Special) to heapauxi.o(.text) for __use_two_region_memory
    startup_stm32g030xx.o(HEAP) refers (Special) to heapauxi.o(.text) for __use_two_region_memory
    startup_stm32g030xx.o(RESET) refers (Special) to heapauxi.o(.text) for __use_two_region_memory
    startup_stm32g030xx.o(RESET) refers to startup_stm32g030xx.o(STACK) for __initial_sp
    startup_stm32g030xx.o(RESET) refers to startup_stm32g030xx.o(.text) for Reset_Handler
    startup_stm32g030xx.o(RESET) refers to stm32g0xx_it.o(i.NMI_Handler) for NMI_Handler
    startup_stm32g030xx.o(RESET) refers to stm32g0xx_it.o(i.HardFault_Handler) for HardFault_Handler
    startup_stm32g030xx.o(RESET) refers to stm32g0xx_it.o(i.SVC_Handler) for SVC_Handler
    startup_stm32g030xx.o(RESET) refers to stm32g0xx_it.o(i.PendSV_Handler) for PendSV_Handler
    startup_stm32g030xx.o(RESET) refers to stm32g0xx_it.o(i.SysTick_Handler) for SysTick_Handler
    startup_stm32g030xx.o(RESET) refers to stm32g0xx_it.o(i.RCC_IRQHandler) for RCC_IRQHandler
    startup_stm32g030xx.o(RESET) refers to stm32g0xx_it.o(i.EXTI4_15_IRQHandler) for EXTI4_15_IRQHandler
    startup_stm32g030xx.o(RESET) refers to stm32g0xx_it.o(i.I2C1_IRQHandler) for I2C1_IRQHandler
    startup_stm32g030xx.o(.text) refers (Special) to heapauxi.o(.text) for __use_two_region_memory
    startup_stm32g030xx.o(.text) refers to system_stm32g0xx.o(i.SystemInit) for SystemInit
    startup_stm32g030xx.o(.text) refers to __main.o(!!!main) for __main
    startup_stm32g030xx.o(.text) refers to startup_stm32g030xx.o(HEAP) for Heap_Mem
    startup_stm32g030xx.o(.text) refers to startup_stm32g030xx.o(STACK) for Stack_Mem
    main.o(i.HAL_GPIO_EXTI_Rising_Callback) refers to main.o(.data) for .data
    main.o(i.HAL_I2C_ErrorCallback) refers to i2c.o(i.HAL_I2C_MspDeInit) for HAL_I2C_MspDeInit
    main.o(i.HAL_I2C_ErrorCallback) refers to i2c.o(i.HAL_I2C_MspInit) for HAL_I2C_MspInit
    main.o(i.INA226_read_buf) refers to _printf_percent.o(.ARM.Collect$$_printf_percent$$00000000) for _printf_percent
    main.o(i.INA226_read_buf) refers to _printf_f.o(.ARM.Collect$$_printf_percent$$00000003) for _printf_f
    main.o(i.INA226_read_buf) refers to _printf_c.o(.ARM.Collect$$_printf_percent$$00000013) for _printf_c
    main.o(i.INA226_read_buf) refers to printf1.o(x$fpl$printf1) for _printf_fp_dec
    main.o(i.INA226_read_buf) refers to _printf_str.o(.text) for _printf_str
    main.o(i.INA226_read_buf) refers to stm32g0xx_hal_i2c.o(i.HAL_I2C_Mem_Read) for HAL_I2C_Mem_Read
    main.o(i.INA226_read_buf) refers to stm32g0xx_hal_uart.o(i.HAL_UART_Transmit) for HAL_UART_Transmit
    main.o(i.INA226_read_buf) refers to fflti.o(.text) for __aeabi_ui2f
    main.o(i.INA226_read_buf) refers to fmul.o(x$fpl$fmul) for __aeabi_fmul
    main.o(i.INA226_read_buf) refers to f2d.o(.text) for __aeabi_f2d
    main.o(i.INA226_read_buf) refers to noretval__2sprintf.o(.text) for __2sprintf
    main.o(i.INA226_read_buf) refers to screen.o(i.OLED_ShowString) for OLED_ShowString
    main.o(i.INA226_read_buf) refers to dflti.o(.text) for __aeabi_ui2d
    main.o(i.INA226_read_buf) refers to dmul.o(.text) for __aeabi_dmul
    main.o(i.INA226_read_buf) refers to d2f.o(.text) for __aeabi_d2f
    main.o(i.INA226_read_buf) refers to i2c.o(.bss) for hi2c1
    main.o(i.INA226_read_buf) refers to usart.o(.bss) for huart2
    main.o(i.INA226_read_buf) refers to main.o(.data) for .data
    main.o(i.SystemClock_Config) refers to rt_memclr.o(.text) for __aeabi_memclr4
    main.o(i.SystemClock_Config) refers to stm32g0xx_hal_pwr_ex.o(i.HAL_PWREx_ControlVoltageScaling) for HAL_PWREx_ControlVoltageScaling
    main.o(i.SystemClock_Config) refers to stm32g0xx_hal_rcc.o(i.HAL_RCC_OscConfig) for HAL_RCC_OscConfig
    main.o(i.SystemClock_Config) refers to stm32g0xx_hal_rcc.o(i.HAL_RCC_ClockConfig) for HAL_RCC_ClockConfig
    main.o(i.main) refers to _printf_percent.o(.ARM.Collect$$_printf_percent$$00000000) for _printf_percent
    main.o(i.main) refers to _printf_d.o(.ARM.Collect$$_printf_percent$$00000009) for _printf_d
    main.o(i.main) refers to _printf_dec.o(.text) for _printf_int_dec
    main.o(i.main) refers to round.o(i.round) for round
    main.o(i.main) refers to d2f.o(.text) for __aeabi_d2f
    main.o(i.main) refers to ffixui.o(.text) for __aeabi_f2uiz
    main.o(i.main) refers to rt_memclr.o(.text) for __aeabi_memclr4
    main.o(i.main) refers to noretval__2sprintf.o(.text) for __2sprintf
    main.o(i.main) refers to stm32g0xx_hal.o(i.HAL_Init) for HAL_Init
    main.o(i.main) refers to main.o(i.SystemClock_Config) for SystemClock_Config
    main.o(i.main) refers to gpio.o(i.MX_GPIO_Init) for MX_GPIO_Init
    main.o(i.main) refers to i2c.o(i.MX_I2C1_Init) for MX_I2C1_Init
    main.o(i.main) refers to spi.o(i.MX_SPI1_Init) for MX_SPI1_Init
[...]
    .text                                    0x08001384   Section        8  rt_locale_intlibspace.o(.text)
    .text                                    0x0800138c   Section        0  lludiv10.o(.text)
    .text                                    0x08001408   Section        0  _printf_fp_infnan.o(.text)
    .text                                    0x08001490   Section        0  bigflt0.o(.text)
    .text                                    0x08001568   Section        0  btod.o(.text)
    btod_internal_mul                        0x080015a9   Thumb Code   492  btod.o(.text)
    btod_internal_div                        0x08001795   Thumb Code   520  btod.o(.text)
    .text                                    0x08001ae8   Section        0  dcmpin.o(.text)
    .text                                    0x08001b78   Section        8  libspace.o(.text)
    .text                                    0x08001b80   Section       62  sys_stackheap_outer.o(.text)
    .text                                    0x08001bbe   Section        0  exit.o(.text)
    .text                                    0x08001bd0   Section        0  strcmp.o(.text)
    .text                                    0x08001c58   Section        0  cmpret.o(.text)
    .text                                    0x08001c88   Section        0  dnan2.o(.text)
    .text                                    0x08001c9c   Section        0  retnan.o(.text)
    .text                                    0x08001cfc   Section        0  sys_exit.o(.text)
    .text                                    0x08001d08   Section        2  use_no_semi.o(.text)
    .text                                    0x08001d0a   Section        0  indicate_semi.o(.text)
    i.ADXL345_Init                           0x08001d0c   Section        0  imu.o(i.ADXL345_Init)
    i.ADXL345_Probe                          0x08001de8   Section        0  imu.o(i.ADXL345_Probe)
    i.ADXL345_Rread                          0x08001e50   Section        0  imu.o(i.ADXL345_Rread)
    i.ADXL345_Test                           0x08001e9c   Section        0  imu.o(i.ADXL345_Test)
    i.ADXL345_Write                          0x08001f68   Section        0  imu.o(i.ADXL345_Write)
    i.EXTI4_15_IRQHandler                    0x08001fac   Section        0  stm32g0xx_it.o(i.EXTI4_15_IRQHandler)
    i.Error_Handler                          0x08001fc0   Section        0  main.o(i.Error_Handler)
    i.Get_Adxl345_ID                         0x08001fc4   Section        0  imu.o(i.Get_Adxl345_ID)
    i.HAL_DMA_Abort_IT                       0x08001fd8   Section        0  stm32g0xx_hal_dma.o(i.HAL_DMA_Abort_IT)
    i.HAL_DMA_GetState                       0x08002054   Section        0  stm32g0xx_hal_dma.o(i.HAL_DMA_GetState)
    i.HAL_Delay                              0x0800205c   Section        0  stm32g0xx_hal.o(i.HAL_Delay)
    i.HAL_GPIO_DeInit                        0x08002080   Section        0  stm32g0xx_hal_gpio.o(i.HAL_GPIO_DeInit)
    i.HAL_GPIO_EXTI_Falling_Callback         0x08002154   Section        0  stm32g0xx_hal_gpio.o(i.HAL_GPIO_EXTI_Falling_Callback)
    i.HAL_GPIO_EXTI_IRQHandler               0x08002158   Section        0  stm32g0xx_hal_gpio.o(i.HAL_GPIO_EXTI_IRQHandler)
    i.HAL_GPIO_EXTI_Rising_Callback          0x08002180   Section        0  main.o(i.HAL_GPIO_EXTI_Rising_Callback)
    i.HAL_GPIO_Init                          0x080021a4   Section        0  stm32g0xx_hal_gpio.o(i.HAL_GPIO_Init)
    i.HAL_GPIO_WritePin                      0x08002300   Section        0  stm32g0xx_hal_gpio.o(i.HAL_GPIO_WritePin)
    i.HAL_GetTick                            0x0800230c   Section        0  stm32g0xx_hal.o(i.HAL_GetTick)
    i.HAL_I2CEx_ConfigAnalogFilter           0x08002318   Section        0  stm32g0xx_hal_i2c_ex.o(i.HAL_I2CEx_ConfigAnalogFilter)
    i.HAL_I2CEx_ConfigDigitalFilter          0x08002362   Section        0  stm32g0xx_hal_i2c_ex.o(i.HAL_I2CEx_ConfigDigitalFilter)
    i.HAL_I2C_AbortCpltCallback              0x080023aa   Section        0  stm32g0xx_hal_i2c.o(i.HAL_I2C_AbortCpltCallback)
    i.HAL_I2C_AddrCallback                   0x080023ac   Section        0  stm32g0xx_hal_i2c.o(i.HAL_I2C_AddrCallback)
    i.HAL_I2C_ER_IRQHandler                  0x080023ae   Section        0  stm32g0xx_hal_i2c.o(i.HAL_I2C_ER_IRQHandler)
    i.HAL_I2C_EV_IRQHandler                  0x0800240c   Section        0  stm32g0xx_hal_i2c.o(i.HAL_I2C_EV_IRQHandler)
    i.HAL_I2C_ErrorCallback                  0x0800241c   Section        0  main.o(i.HAL_I2C_ErrorCallback)
    i.HAL_I2C_Init                           0x0800242c   Section        0  stm32g0xx_hal_i2c.o(i.HAL_I2C_Init)
    i.HAL_I2C_ListenCpltCallback             0x080024e8   Section        0  stm32g0xx_hal_i2c.o(i.HAL_I2C_ListenCpltCallback)
    i.HAL_I2C_Master_Transmit                0x080024ec   Section        0  stm32g0xx_hal_i2c.o(i.HAL_I2C_Master_Transmit)
    i.HAL_I2C_Mem_Read                       0x08002624   Section        0  stm32g0xx_hal_i2c.o(i.HAL_I2C_Mem_Read)
    i.HAL_I2C_Mem_Write                      0x08002778   Section        0  stm32g0xx_hal_i2c.o(i.HAL_I2C_Mem_Write)
    i.HAL_I2C_MspDeInit                      0x080028c4   Section        0  i2c.o(i.HAL_I2C_MspDeInit)
    i.HAL_I2C_MspInit                        0x08002904   Section        0  i2c.o(i.HAL_I2C_MspInit)
    i.HAL_I2C_SlaveRxCpltCallback            0x08002994   Section        0  stm32g0xx_hal_i2c.o(i.HAL_I2C_SlaveRxCpltCallback)
    i.HAL_I2C_SlaveTxCpltCallback            0x08002996   Section        0  stm32g0xx_hal_i2c.o(i.HAL_I2C_SlaveTxCpltCallback)
    i.HAL_IWDG_Init                          0x08002998   Section        0  stm32g0xx_hal_iwdg.o(i.HAL_IWDG_Init)
    i.HAL_IWDG_Refresh                       0x08002a04   Section        0  stm32g0xx_hal_iwdg.o(i.HAL_IWDG_Refresh)
    i.HAL_IncTick                            0x08002a14   Section        0  stm32g0xx_hal.o(i.HAL_IncTick)
    i.HAL_Init                               0x08002a24   Section        0  stm32g0xx_hal.o(i.HAL_Init)
    i.HAL_InitTick                           0x08002a4c   Section        0  stm32g0xx_hal.o(i.HAL_InitTick)
    i.HAL_MspInit                            0x08002a94   Section        0  stm32g0xx_hal_msp.o(i.HAL_MspInit)
    i.HAL_NVIC_DisableIRQ                    0x08002ad0   Section        0  stm32g0xx_hal_cortex.o(i.HAL_NVIC_DisableIRQ)
    i.HAL_NVIC_EnableIRQ                     0x08002af0   Section        0  stm32g0xx_hal_cortex.o(i.HAL_NVIC_EnableIRQ)
    i.HAL_NVIC_SetPriority                   0x08002b08   Section        0  stm32g0xx_hal_cortex.o(i.HAL_NVIC_SetPriority)
    i.HAL_PWREx_ControlVoltageScaling        0x08002b10   Section        0  stm32g0xx_hal_pwr_ex.o(i.HAL_PWREx_ControlVoltageScaling)
    i.HAL_RCCEx_PeriphCLKConfig              0x08002b5c   Section        0  stm32g0xx_hal_rcc_ex.o(i.HAL_RCCEx_PeriphCLKConfig)
    i.HAL_RCC_ClockConfig                    0x08002ca8   Section        0  stm32g0xx_hal_rcc.o(i.HAL_RCC_ClockConfig)
    i.HAL_RCC_GetPCLK1Freq                   0x08002e00   Section        0  stm32g0xx_hal_rcc.o(i.HAL_RCC_GetPCLK1Freq)
    i.HAL_RCC_GetSysClockFreq                0x08002e28   Section        0  stm32g0xx_hal_rcc.o(i.HAL_RCC_GetSysClockFreq)
    i.HAL_RCC_OscConfig                      0x08002eb4   Section        0  stm32g0xx_hal_rcc.o(i.HAL_RCC_OscConfig)
    i.HAL_SPI_Init                           0x0800328c   Section        0  stm32g0xx_hal_spi.o(i.HAL_SPI_Init)
    i.HAL_SPI_MspInit                        0x0800337c   Section        0  spi.o(i.HAL_SPI_MspInit)
    i.HAL_SPI_Receive                        0x080033dc   Section        0  stm32g0xx_hal_spi.o(i.HAL_SPI_Receive)
    i.HAL_SPI_Transmit                       0x08003544   Section        0  stm32g0xx_hal_spi.o(i.HAL_SPI_Transmit)
    i.HAL_SPI_TransmitReceive                0x080036a4   Section        0  stm32g0xx_hal_spi.o(i.HAL_SPI_TransmitReceive)
    i.HAL_SYSTICK_Config                     0x0800389c   Section        0  stm32g0xx_hal_cortex.o(i.HAL_SYSTICK_Config)
    i.HAL_TIM_Base_Init                      0x080038cc   Section        0  stm32g0xx_hal_tim.o(i.HAL_TIM_Base_Init)
    i.HAL_TIM_Base_MspInit                   0x08003918   Section        0  tim.o(i.HAL_TIM_Base_MspInit)
    i.HAL_UART_Init                          0x08003940   Section        0  stm32g0xx_hal_uart.o(i.HAL_UART_Init)
    i.HAL_UART_MspInit                       0x080039ac   Section        0  usart.o(i.HAL_UART_MspInit)
    i.HAL_UART_Transmit                      0x08003a08   Section        0  stm32g0xx_hal_uart.o(i.HAL_UART_Transmit)
    i.HardFault_Handler                      0x08003ad6   Section        0  stm32g0xx_it.o(i.HardFault_Handler)
    i.I2C1_IRQHandler                        0x08003ad8   Section        0  stm32g0xx_it.o(i.I2C1_IRQHandler)
    i.I2C_DMAAbort                           0x08003af8   Section        0  stm32g0xx_hal_i2c.o(i.I2C_DMAAbort)
    I2C_DMAAbort                             0x08003af9   Thumb Code    28  stm32g0xx_hal_i2c.o(i.I2C_DMAAbort)
    i.I2C_Disable_IRQ                        0x08003b14   Section        0  stm32g0xx_hal_i2c.o(i.I2C_Disable_IRQ)
    I2C_Disable_IRQ                          0x08003b15   Thumb Code    82  stm32g0xx_hal_i2c.o(i.I2C_Disable_IRQ)
    i.I2C_Flush_TXDR                         0x08003b66   Section        0  stm32g0xx_hal_i2c.o(i.I2C_Flush_TXDR)
    I2C_Flush_TXDR                           0x08003b67   Thumb Code    34  stm32g0xx_hal_i2c.o(i.I2C_Flush_TXDR)
    i.I2C_ITAddrCplt                         0x08003b88   Section        0  stm32g0xx_hal_i2c.o(i.I2C_ITAddrCplt)
    I2C_ITAddrCplt                           0x08003b89   Thumb Code   124  stm32g0xx_hal_i2c.o(i.I2C_ITAddrCplt)
    i.I2C_ITError                            0x08003c04   Section        0  stm32g0xx_hal_i2c.o(i.I2C_ITError)
    I2C_ITError                              0x08003c05   Thumb Code   258  stm32g0xx_hal_i2c.o(i.I2C_ITError)
    i.I2C_ITListenCplt                       0x08003d18   Section        0  stm32g0xx_hal_i2c.o(i.I2C_ITListenCplt)
    I2C_ITListenCplt                         0x08003d19   Thumb Code    94  stm32g0xx_hal_i2c.o(i.I2C_ITListenCplt)
    i.I2C_ITSlaveCplt                        0x08003d80   Section        0  stm32g0xx_hal_i2c.o(i.I2C_ITSlaveCplt)
    I2C_ITSlaveCplt                          0x08003d81   Thumb Code   436  stm32g0xx_hal_i2c.o(i.I2C_ITSlaveCplt)
    i.I2C_ITSlaveSeqCplt                     0x08003f40   Section        0  stm32g0xx_hal_i2c.o(i.I2C_ITSlaveSeqCplt)
    I2C_ITSlaveSeqCplt                       0x08003f41   Thumb Code   106  stm32g0xx_hal_i2c.o(i.I2C_ITSlaveSeqCplt)
    i.I2C_IsErrorOccurred                    0x08003fac   Section        0  stm32g0xx_hal_i2c.o(i.I2C_IsErrorOccurred)
    I2C_IsErrorOccurred                      0x08003fad   Thumb Code   266  stm32g0xx_hal_i2c.o(i.I2C_IsErrorOccurred)
    i.I2C_RequestMemoryRead                  0x080040bc   Section        0  stm32g0xx_hal_i2c.o(i.I2C_RequestMemoryRead)
    I2C_RequestMemoryRead                    0x080040bd   Thumb Code    92  stm32g0xx_hal_i2c.o(i.I2C_RequestMemoryRead)
    i.I2C_RequestMemoryWrite                 0x0800411c   Section        0  stm32g0xx_hal_i2c.o(i.I2C_RequestMemoryWrite)
    I2C_RequestMemoryWrite                   0x0800411d   Thumb Code    92  stm32g0xx_hal_i2c.o(i.I2C_RequestMemoryWrite)
    i.I2C_Slave_ISR_IT                       0x0800417c   Section        0  stm32g0xx_hal_i2c.o(i.I2C_Slave_ISR_IT)
    I2C_Slave_ISR_IT                         0x0800417d   Thumb Code   282  stm32g0xx_hal_i2c.o(i.I2C_Slave_ISR_IT)
    i.I2C_TransferConfig                     0x0800429c   Section        0  stm32g0xx_hal_i2c.o(i.I2C_TransferConfig)
    I2C_TransferConfig                       0x0800429d   Thumb Code    38  stm32g0xx_hal_i2c.o(i.I2C_TransferConfig)
    i.I2C_TreatErrorCallback                 0x080042c8   Section        0  stm32g0xx_hal_i2c.o(i.I2C_TreatErrorCallback)
    I2C_TreatErrorCallback                   0x080042c9   Thumb Code    38  stm32g0xx_hal_i2c.o(i.I2C_TreatErrorCallback)
    i.I2C_WaitOnFlagUntilTimeout             0x080042ee   Section        0  stm32g0xx_hal_i2c.o(i.I2C_WaitOnFlagUntilTimeout)
    I2C_WaitOnFlagUntilTimeout               0x080042ef   Thumb Code   114  stm32g0xx_hal_i2c.o(i.I2C_WaitOnFlagUntilTimeout)
    i.I2C_WaitOnSTOPFlagUntilTimeout         0x08004360   Section        0  stm32g0xx_hal_i2c.o(i.I2C_WaitOnSTOPFlagUntilTimeout)
    I2C_WaitOnSTOPFlagUntilTimeout           0x08004361   Thumb Code    86  stm32g0xx_hal_i2c.o(i.I2C_WaitOnSTOPFlagUntilTimeout)
    i.I2C_WaitOnTXISFlagUntilTimeout         0x080043b6   Section        0  stm32g0xx_hal_i2c.o(i.I2C_WaitOnTXISFlagUntilTimeout)
    I2C_WaitOnTXISFlagUntilTimeout           0x080043b7   Thumb Code    90  stm32g0xx_hal_i2c.o(i.I2C_WaitOnTXISFlagUntilTimeout)
    i.INA226_read_buf                        0x08004410   Section        0  main.o(i.INA226_read_buf)
    i.MX_GPIO_Init                           0x08004568   Section        0  gpio.o(i.MX_GPIO_Init)
    i.MX_I2C1_Init                           0x080045e4   Section        0  i2c.o(i.MX_I2C1_Init)
    i.MX_IWDG_Init                           0x0800463c   Section        0  iwdg.o(i.MX_IWDG_Init)
    i.MX_SPI1_Init                           0x08004668   Section        0  spi.o(i.MX_SPI1_Init)
    i.MX_TIM17_Init                          0x080046b4   Section        0  tim.o(i.MX_TIM17_Init)
    i.MX_USART2_UART_Init                    0x080046e8   Section        0  usart.o(i.MX_USART2_UART_Init)
    i.NMI_Handler                            0x08004724   Section        0  stm32g0xx_it.o(i.NMI_Handler)
    i.OLED_Clear                             0x08004726   Section        0  screen.o(i.OLED_Clear)
    i.OLED_Init                              0x0800475c   Section        0  screen.o(i.OLED_Init)
    i.OLED_SetPos                            0x0800482c   Section        0  screen.o(i.OLED_SetPos)
    i.OLED_ShowCN_Big                        0x0800484a   Section        0  screen.o(i.OLED_ShowCN_Big)
    i.OLED_ShowChar                          0x080048cc   Section        0  screen.o(i.OLED_ShowChar)
    i.OLED_ShowEN                            0x0800494c   Section        0  screen.o(i.OLED_ShowEN)
    i.OLED_ShowName                          0x08004990   Section        0  screen.o(i.OLED_ShowName)
    i.OLED_ShowString                        0x080049de   Section        0  screen.o(i.OLED_ShowString)
    i.PendSV_Handler                         0x08004a12   Section        0  stm32g0xx_it.o(i.PendSV_Handler)
    i.RCC_IRQHandler                         0x08004a14   Section        0  stm32g0xx_it.o(i.RCC_IRQHandler)
    i.SPI_EndRxTransaction                   0x08004a16   Section        0  stm32g0xx_hal_spi.o(i.SPI_EndRxTransaction)
    SPI_EndRxTransaction                     0x08004a17   Thumb Code   120  stm32g0xx_hal_spi.o(i.SPI_EndRxTransaction)
    i.SPI_EndRxTxTransaction                 0x08004a8e   Section        0  stm32g0xx_hal_spi.o(i.SPI_EndRxTxTransaction)
    SPI_EndRxTxTransaction                   0x08004a8f   Thumb Code    76  stm32g0xx_hal_spi.o(i.SPI_EndRxTxTransaction)
    i.SPI_WaitFifoStateUntilTimeout          0x08004adc   Section        0  stm32g0xx_hal_spi.o(i.SPI_WaitFifoStateUntilTimeout)
    SPI_WaitFifoStateUntilTimeout            0x08004add   Thumb Code   212  stm32g0xx_hal_spi.o(i.SPI_WaitFifoStateUntilTimeout)
    i.SPI_WaitFlagStateUntilTimeout          0x08004bb4   Section        0  stm32g0xx_hal_spi.o(i.SPI_WaitFlagStateUntilTimeout)
    SPI_WaitFlagStateUntilTimeout            0x08004bb5   Thumb Code   180  stm32g0xx_hal_spi.o(i.SPI_WaitFlagStateUntilTimeout)
    i.SSD1306_WriteCmd                       0x08004c6c   Section        0  screen.o(i.SSD1306_WriteCmd)
    i.SSD1306_WriteData                      0x08004c90   Section        0  screen.o(i.SSD1306_WriteData)
    i.SVC_Handler                            0x08004cb4   Section        0  stm32g0xx_it.o(i.SVC_Handler)
    i.SysTick_Handler                        0x08004cb6   Section        0  stm32g0xx_it.o(i.SysTick_Handler)
    i.SystemClock_Config                     0x08004cbe   Section        0  main.o(i.SystemClock_Config)
    i.SystemInit                             0x08004d30   Section        0  system_stm32g0xx.o(i.SystemInit)
    i.TIM_Base_SetConfig                     0x08004d34   Section        0  stm32g0xx_hal_tim.o(i.TIM_Base_SetConfig)
    i.UART_AdvFeatureConfig                  0x08004dbc   Section        0  stm32g0xx_hal_uart.o(i.UART_AdvFeatureConfig)
    i.UART_CheckIdleState                    0x08004e88   Section        0  stm32g0xx_hal_uart.o(i.UART_CheckIdleState)
    i.UART_EndRxTransfer                     0x08004f40   Section        0  stm32g0xx_hal_uart.o(i.UART_EndRxTransfer)
    UART_EndRxTransfer                       0x08004f41   Thumb Code    96  stm32g0xx_hal_uart.o(i.UART_EndRxTransfer)
    i.UART_SetConfig                         0x08004fa4   Section        0  stm32g0xx_hal_uart.o(i.UART_SetConfig)
    i.UART_WaitOnFlagUntilTimeout            0x0800510c   Section        0  stm32g0xx_hal_uart.o(i.UART_WaitOnFlagUntilTimeout)
    i.__ARM_common_ll_muluu                  0x0800519c   Section        0  btod.o(i.__ARM_common_ll_muluu)
    i.__ARM_fpclassify                       0x080051cc   Section        0  fpclassify.o(i.__ARM_fpclassify)
    i.__NVIC_SetPriority                     0x080051f8   Section        0  stm32g0xx_hal_cortex.o(i.__NVIC_SetPriority)
    __NVIC_SetPriority                       0x080051f9   Thumb Code    60  stm32g0xx_hal_cortex.o(i.__NVIC_SetPriority)
    i._is_digit                              0x0800523c   Section        0  __printf_wp.o(i._is_digit)
    i.main                                   0x0800524c   Section        0  main.o(i.main)
    i.round                                  0x080054f0   Section        0  round.o(i.round)
    locale$$code                             0x0800558c   Section       44  lc_numeric_c.o(locale$$code)
    x$fpl$dleqf                              0x080055b8   Section      100  dlef.o(x$fpl$dleqf)
    x$fpl$drleqf                             0x0800561c   Section      104  drlef.o(x$fpl$drleqf)
    x$fpl$fmul                               0x08005684   Section      176  fmul.o(x$fpl$fmul)
    x$fpl$printf1                            0x08005734   Section       16  printf1.o(x$fpl$printf1)
    .constdata                               0x08005744   Section     2328  screen.o(.constdata)
    x$fpl$usenofp                            0x08005744   Section        0  usenofp.o(x$fpl$usenofp)
    .constdata                               0x0800605c   Section      192  screen.o(.constdata)
    .constdata                               0x0800611c   Section      208  screen.o(.constdata)
    .constdata                               0x080061ec   Section      384  screen.o(.constdata)
    .constdata                               0x0800636c   Section       96  screen.o(.constdata)
    .constdata                               0x080063cc   Section       96  screen.o(.constdata)
    .constdata                               0x0800642c   Section       96  screen.o(.constdata)
    .constdata                               0x0800648c   Section       96  screen.o(.constdata)
    .constdata                               0x080064ec   Section       24  stm32g0xx_hal_uart.o(.constdata)
    .constdata                               0x08006504   Section       64  system_stm32g0xx.o(.constdata)
    .constdata                               0x08006544   Section       32  system_stm32g0xx.o(.constdata)
    .constdata                               0x08006564   Section      148  bigflt0.o(.constdata)
    tenpwrs_x                                0x08006564   Data          60  bigflt0.o(.constdata)
    tenpwrs_i                                0x080065a0   Data          64  bigflt0.o(.constdata)
    locale$$data                             0x08006618   Section       28  lc_numeric_c.o(locale$$data)
    __lcnum_c_name                           0x0800661c   Data           2  lc_numeric_c.o(locale$$data)
    __lcnum_c_start                          0x08006624   Data           0  lc_numeric_c.o(locale$$data)
    __lcnum_c_point                          0x08006630   Data           0  lc_numeric_c.o(locale$$data)
    __lcnum_c_thousands                      0x08006632   Data           0  lc_numeric_c.o(locale$$data)
    __lcnum_c_grouping                       0x08006633   Data           0  lc_numeric_c.o(locale$$data)
    __lcnum_c_end                            0x08006634   Data           0  lc_numeric_c.o(locale$$data)
    .data                                    0x20000000   Section       24  main.o(.data)
    V_shunt                                  0x20000008   Data           4  main.o(.data)
    V                                        0x2000000c   Data           4  main.o(.data)
    I                                        0x20000010   Data           4  main.o(.data)
    P                                        0x20000014   Data           4  main.o(.data)
    .data                                    0x20000018   Section       12  stm32g0xx_hal.o(.data)
    .data                                    0x20000024   Section        4  system_stm32g0xx.o(.data)
    .bss                                     0x20000028   Section       84  i2c.o(.bss)
    .bss                                     0x2000007c   Section       16  iwdg.o(.bss)
    .bss                                     0x2000008c   Section      100  spi.o(.bss)
    .bss                                     0x200000f0   Section       76  tim.o(.bss)
    .bss                                     0x2000013c   Section      148  usart.o(.bss)
    .bss                                     0x200001d0   Section       96  libspace.o(.bss)
    HEAP                                     0x20000230   Section      512  startup_stm32g030xx.o(HEAP)
    Heap_Mem                                 0x20000230   Data         512  startup_stm32g030xx.o(HEAP)
    STACK                                    0x20000430   Section     1024  startup_stm32g030xx.o(STACK)
    Stack_Mem                                0x20000430   Data        1024  startup_stm32g030xx.o(STACK)
    __initial_sp                             0x20000830   Data           0  startup_stm32g030xx.o(STACK)

    Global Symbols

    Symbol Name                              Value     Ov Type        Size  Object(Section)

    BuildAttributes$$THM_ISAv3M$S$PE$A:L22$X:L11$S22$IEEE1$IW$USESV6$~STKCKD$USESV7$~SHL$OTIME$ROPI$IEEEJ$EBA8$UX$STANDARDLIB$REQ8$PRES8$EABIv2 0x00000000   Number         0  anon$$obj.o ABSOLUTE
    __ARM_use_no_argv                        0x00000000   Number         0  main.o ABSOLUTE
    _printf_flags                            0x00000000   Number         0  printf_stubs.o ABSOLUTE
    _printf_return_value                     0x00000000   Number         0  printf_stubs.o ABSOLUTE
    _printf_sizespec                         0x00000000   Number         0  printf_stubs.o ABSOLUTE
    _printf_widthprec                        0x00000000   Number         0  printf_stubs.o ABSOLUTE
    __ARM_exceptions_init                     - Undefined Weak Reference
    __alloca_initialize                       - Undefined Weak Reference
    __arm_fini_                               - Undefined Weak Reference
    __arm_preinit_                            - Undefined Weak Reference
    __cpp_initialize__aeabi_                  - Undefined Weak Reference
    __cxa_finalize                            - Undefined Weak Reference
    __sigvec_lookup                           - Undefined Weak Reference
    _atexit_init                              - Undefined Weak Reference
    _call_atexit_fns                          - Undefined Weak Reference
    _clock_init                               - Undefined Weak Reference
    _fp_trap_init                             - Undefined Weak Reference
    _fp_trap_shutdown                         - Undefined Weak Reference
    _get_lc_collate                           - Undefined Weak Reference
    _get_lc_ctype                             - Undefined Weak Reference
    _get_lc_monetary                          - Undefined Weak Reference
    _get_lc_time                              - Undefined Weak Reference
    _getenv_init                              - Undefined Weak Reference
    _handle_redirection                       - Undefined Weak Reference
    _init_alloc                               - Undefined Weak Reference
    _init_user_alloc                          - Undefined Weak Reference
    _initio                                   - Undefined Weak Reference
    _printf_mbtowc                            - Undefined Weak Reference
    _printf_post_padding                      - Undefined Weak Reference
    _printf_pre_padding                       - Undefined Weak Reference
    _rand_init                                - Undefined Weak Reference
    _signal_finish                            - Undefined Weak Reference
    _signal_init                              - Undefined Weak Reference
    _terminate_alloc                          - Undefined Weak Reference
    _terminate_user_alloc                     - Undefined Weak Reference
    _terminateio                              - Undefined Weak Reference
    __Vectors_Size                           0x000000c0   Number         0  startup_stm32g030xx.o ABSOLUTE
    __Vectors                                0x08000000   Data           4  startup_stm32g030xx.o(RESET)
    __Vectors_End                            0x080000c0   Data           0  startup_stm32g030xx.o(RESET)
    __main                                   0x080000c1   Thumb Code     8  __main.o(!!!main)
    __scatterload                            0x080000c9   Thumb Code     0  __scatter.o(!!!scatter)
    __scatterload_rt2                        0x080000c9   Thumb Code    52  __scatter.o(!!!scatter)
    __scatterload_rt2_thumb_only             0x080000c9   Thumb Code     0  __scatter.o(!!!scatter)
    __scatterload_null                       0x080000d9   Thumb Code     0  __scatter.o(!!!scatter)
    __scatterload_copy                       0x08000105   Thumb Code    26  __scatter_copy.o(!!handler_copy)
    __scatterload_zeroinit                   0x08000121   Thumb Code    28  __scatter_zi.o(!!handler_zi)
    _printf_percent                          0x0800013d   Thumb Code     0  _printf_percent.o(.ARM.Collect$$_printf_percent$$00000000)
    _printf_f                                0x0800013f   Thumb Code     0  _printf_f.o(.ARM.Collect$$_printf_percent$$00000003)
    _printf_i                                0x08000149   Thumb Code     0  _printf_i.o(.ARM.Collect$$_printf_percent$$00000008)
    _printf_d                                0x08000153   Thumb Code     0  _printf_d.o(.ARM.Collect$$_printf_percent$$00000009)
    _printf_c                                0x0800015d   Thumb Code     0  _printf_c.o(.ARM.Collect$$_printf_percent$$00000013)
    _printf_percent_end                      0x08000167   Thumb Code     0  _printf_percent_end.o(.ARM.Collect$$_printf_percent$$00000017)
    __rt_lib_init                            0x0800016b   Thumb Code     0  libinit.o(.ARM.Collect$$libinit$$00000000)
    __rt_lib_init_fp_1                       0x0800016d   Thumb Code     0  libinit2.o(.ARM.Collect$$libinit$$00000002)
    __rt_lib_init_heap_1                     0x0800016d   Thumb Code     0  libinit2.o(.ARM.Collect$$libinit$$0000000A)
    __rt_lib_init_lc_common                  0x0800016d   Thumb Code     0  libinit2.o(.ARM.Collect$$libinit$$0000000F)
    __rt_lib_init_preinit_1                  0x0800016d   Thumb Code     0  libinit2.o(.ARM.Collect$$libinit$$00000004)
    __rt_lib_init_rand_1                     0x0800016d   Thumb Code     0  libinit2.o(.ARM.Collect$$libinit$$0000000E)
    __rt_lib_init_user_alloc_1               0x0800016d   Thumb Code     0  libinit2.o(.ARM.Collect$$libinit$$0000000C)
    __rt_lib_init_lc_collate_1               0x08000173   Thumb Code     0  libinit2.o(.ARM.Collect$$libinit$$00000011)
    __rt_lib_init_lc_ctype_1                 0x08000173   Thumb Code     0  libinit2.o(.ARM.Collect$$libinit$$00000013)
    __rt_lib_init_lc_monetary_1              0x08000173   Thumb Code     0  libinit2.o(.ARM.Collect$$libinit$$00000015)
    __rt_lib_init_lc_numeric_2               0x08000173   Thumb Code     0  libinit2.o(.ARM.Collect$$libinit$$00000016)
    __rt_lib_init_alloca_1                   0x0800017d   Thumb Code     0  libinit2.o(.ARM.Collect$$libinit$$0000002E)
    __rt_lib_init_argv_1                     0x0800017d   Thumb Code     0  libinit2.o(.ARM.Collect$$libinit$$0000002C)
    __rt_lib_init_atexit_1                   0x0800017d   Thumb Code     0  libinit2.o(.ARM.Collect$$libinit$$0000001B)
    __rt_lib_init_clock_1                    0x0800017d   Thumb Code     0  libinit2.o(.ARM.Collect$$libinit$$00000021)
    __rt_lib_init_cpp_1                      0x0800017d   Thumb Code     0  libinit2.o(.ARM.Collect$$libinit$$00000032)
    __rt_lib_init_exceptions_1               0x0800017d   Thumb Code     0  libinit2.o(.ARM.Collect$$libinit$$00000030)
    __rt_lib_init_fp_trap_1                  0x0800017d   Thumb Code     0  libinit2.o(.ARM.Collect$$libinit$$0000001F)
    __rt_lib_init_getenv_1                   0x0800017d   Thumb Code     0  libinit2.o(.ARM.Collect$$libinit$$00000023)
    __rt_lib_init_lc_numeric_1               0x0800017d   Thumb Code     0  libinit2.o(.ARM.Collect$$libinit$$00000017)
    __rt_lib_init_lc_time_1                  0x0800017d   Thumb Code     0  libinit2.o(.ARM.Collect$$libinit$$00000019)
    __rt_lib_init_return                     0x0800017d   Thumb Code     0  libinit2.o(.ARM.Collect$$libinit$$00000033)
    __rt_lib_init_signal_1                   0x0800017d   Thumb Code     0  libinit2.o(.ARM.Collect$$libinit$$0000001D)
    __rt_lib_init_stdio_1                    0x0800017d   Thumb Code     0  libinit2.o(.ARM.Collect$$libinit$$00000025)
    __rt_lib_shutdown                        0x0800017f   Thumb Code     0  libshutdown.o(.ARM.Collect$$libshutdown$$00000000)
    __rt_lib_shutdown_cpp_1                  0x08000181   Thumb Code     0  libshutdown2.o(.ARM.Collect$$libshutdown$$00000004)
    __rt_lib_shutdown_fini_1                 0x08000181   Thumb Code     0  libshutdown2.o(.ARM.Collect$$libshutdown$$00000002)
    __rt_lib_shutdown_fp_trap_1              0x08000181   Thumb Code     0  libshutdown2.o(.ARM.Collect$$libshutdown$$00000009)
    __rt_lib_shutdown_heap_1                 0x08000181   Thumb Code     0  libshutdown2.o(.ARM.Collect$$libshutdown$$00000011)
    __rt_lib_shutdown_return                 0x08000181   Thumb Code     0  libshutdown2.o(.ARM.Collect$$libshutdown$$00000012)
    __rt_lib_shutdown_signal_1               0x08000181   Thumb Code     0  libshutdown2.o(.ARM.Collect$$libshutdown$$0000000C)
    __rt_lib_shutdown_stdio_1                0x08000181   Thumb Code     0  libshutdown2.o(.ARM.Collect$$libshutdown$$00000006)
    __rt_lib_shutdown_user_alloc_1           0x08000181   Thumb Code     0  libshutdown2.o(.ARM.Collect$$libshutdown$$0000000E)
    __rt_entry                               0x08000183   Thumb Code     0  __rtentry.o(.ARM.Collect$$rtentry$$00000000)
    __rt_entry_presh_1                       0x08000183   Thumb Code     0  __rtentry2.o(.ARM.Collect$$rtentry$$00000002)
    __rt_entry_sh                            0x08000183   Thumb Code     0  __rtentry4.o(.ARM.Collect$$rtentry$$00000004)
    __rt_entry_li                            0x08000189   Thumb Code     0  __rtentry2.o(.ARM.Collect$$rtentry$$0000000A)
    __rt_entry_postsh_1                      0x08000189   Thumb Code     0  __rtentry2.o(.ARM.Collect$$rtentry$$00000009)
    __rt_entry_main                          0x0800018d   Thumb Code     0  __rtentry2.o(.ARM.Collect$$rtentry$$0000000D)
    __rt_entry_postli_1                      0x0800018d   Thumb Code     0  __rtentry2.o(.ARM.Collect$$rtentry$$0000000C)
    __rt_exit                                0x08000195   Thumb Code     0  rtexit.o(.ARM.Collect$$rtexit$$00000000)
    __rt_exit_ls                             0x08000197   Thumb Code     0  rtexit2.o(.ARM.Collect$$rtexit$$00000003)
    __rt_exit_prels_1                        0x08000197   Thumb Code     0  rtexit2.o(.ARM.Collect$$rtexit$$00000002)
    __rt_exit_exit                           0x0800019b   Thumb Code     0  rtexit2.o(.ARM.Collect$$rtexit$$00000004)
    Reset_Handler                            0x080001a1   Thumb Code     8  startup_stm32g030xx.o(.text)
    ADC1_IRQHandler                          0x080001b3   Thumb Code     0  startup_stm32g030xx.o(.text)
    DMA1_Ch4_5_DMAMUX1_OVR_IRQHandler        0x080001b3   Thumb Code     0  startup_stm32g030xx.o(.text)
    DMA1_Channel1_IRQHandler                 0x080001b3   Thumb Code     0  startup_stm32g030xx.o(.text)
    DMA1_Channel2_3_IRQHandler               0x080001b3   Thumb Code     0  startup_stm32g030xx.o(.text)
    EXTI0_1_IRQHandler                       0x080001b3   Thumb Code     0  startup_stm32g030xx.o(.text)
    EXTI2_3_IRQHandler                       0x080001b3   Thumb Code     0  startup_stm32g030xx.o(.text)
    FLASH_IRQHandler                         0x080001b3   Thumb Code     0  startup_stm32g030xx.o(.text)
    I2C2_IRQHandler                          0x080001b3   Thumb Code     0  startup_stm32g030xx.o(.text)
    RTC_TAMP_IRQHandler                      0x080001b3   Thumb Code     0  startup_stm32g030xx.o(.text)
    SPI1_IRQHandler                          0x080001b3   Thumb Code     0  startup_stm32g030xx.o(.text)
    SPI2_IRQHandler                          0x080001b3   Thumb Code     0  startup_stm32g030xx.o(.text)
    TIM14_IRQHandler                         0x080001b3   Thumb Code     0  startup_stm32g030xx.o(.text)
    TIM16_IRQHandler                         0x080001b3   Thumb Code     0  startup_stm32g030xx.o(.text)
    TIM17_IRQHandler                         0x080001b3   Thumb Code     0  startup_stm32g030xx.o(.text)
    TIM1_BRK_UP_TRG_COM_IRQHandler           0x080001b3   Thumb Code     0  startup_stm32g030xx.o(.text)
    TIM1_CC_IRQHandler                       0x080001b3   Thumb Code     0  startup_stm32g030xx.o(.text)
    TIM3_IRQHandler                          0x080001b3   Thumb Code     0  startup_stm32g030xx.o(.text)
    USART1_IRQHandler                        0x080001b3   Thumb Code     0  startup_stm32g030xx.o(.text)
    USART2_IRQHandler                        0x080001b3   Thumb Code     0  startup_stm32g030xx.o(.text)
    WWDG_IRQHandler                          0x080001b3   Thumb Code     0  startup_stm32g030xx.o(.text)
    __user_initial_stackheap                 0x080001b5   Thumb Code     0  startup_stm32g030xx.o(.text)
    __2sprintf                               0x080001d9   Thumb Code    36  noretval__2sprintf.o(.text)
    _printf_truncate_signed                  0x08000201   Thumb Code    18  _printf_truncate.o(.text)
    _printf_truncate_unsigned                0x08000213   Thumb Code    18  _printf_truncate.o(.text)
    _printf_str                              0x08000225   Thumb Code    82  _printf_str.o(.text)
    _printf_int_dec                          0x08000279   Thumb Code    90  _printf_dec.o(.text)
    __printf                                 0x080002e5   Thumb Code   352  __printf_ss_wp.o(.text)
    _memset_w                                0x08000445   Thumb Code    26  rt_memclr.o(.text)
    _memset                                  0x0800045f   Thumb Code    30  rt_memclr.o(.text)
    __aeabi_memclr                           0x0800047d   Thumb Code     4  rt_memclr.o(.text)
    __rt_memclr                              0x0800047d   Thumb Code     0  rt_memclr.o(.text)
    __aeabi_memclr4                          0x08000481   Thumb Code     0  rt_memclr.o(.text)
    __aeabi_memclr8                          0x08000481   Thumb Code     0  rt_memclr.o(.text)
    __rt_memclr_w                            0x08000481   Thumb Code     4  rt_memclr.o(.text)
    __aeabi_uidiv                            0x08000485   Thumb Code     0  aeabi_sdiv.o(.text)
    __aeabi_uidivmod                         0x08000485   Thumb Code    20  aeabi_sdiv.o(.text)
    __aeabi_idiv                             0x08000499   Thumb Code     0  aeabi_sdiv.o(.text)
    __aeabi_idivmod                          0x08000499   Thumb Code   326  aeabi_sdiv.o(.text)
    __use_two_region_memory                  0x080005df   Thumb Code     2  heapauxi.o(.text)
    __rt_heap_escrow$2region                 0x080005e1   Thumb Code     2  heapauxi.o(.text)
    __rt_heap_expand$2region                 0x080005e3   Thumb Code     2  heapauxi.o(.text)
    __aeabi_d2f                              0x080005e5   Thumb Code     0  d2f.o(.text)
    _d2f                                     0x080005e5   Thumb Code   120  d2f.o(.text)
    __aeabi_i2d_normalise                    0x08000661   Thumb Code    66  dflti.o(.text)
    __aeabi_i2d                              0x080006a3   Thumb Code    16  dflti.o(.text)
    _dflt                                    0x080006a3   Thumb Code     0  dflti.o(.text)
    __aeabi_ui2d                             0x080006b3   Thumb Code     6  dflti.o(.text)
    _dfltu                                   0x080006b3   Thumb Code     0  dflti.o(.text)
    __aeabi_dmul                             0x080006b9   Thumb Code     0  dmul.o(.text)
    _dmul                                    0x080006b9   Thumb Code   558  dmul.o(.text)
    __aeabi_f2d                              0x08000901   Thumb Code     0  f2d.o(.text)
    _f2d                                     0x08000901   Thumb Code    80  f2d.o(.text)
    __aeabi_f2uiz                            0x08000955   Thumb Code     0  ffixui.o(.text)
    _ffixu                                   0x08000955   Thumb Code    48  ffixui.o(.text)
    __aeabi_i2f_normalise                    0x08000985   Thumb Code    72  fflti.o(.text)
    __aeabi_i2f                              0x080009cd   Thumb Code    16  fflti.o(.text)
    _fflt                                    0x080009cd   Thumb Code     0  fflti.o(.text)
    __aeabi_ui2f                             0x080009dd   Thumb Code     6  fflti.o(.text)
    _ffltu                                   0x080009dd   Thumb Code     0  fflti.o(.text)
    _printf_int_common                       0x080009e3   Thumb Code   176  _printf_intcommon.o(.text)
    __lib_sel_fp_printf                      0x08000a95   Thumb Code     2  _printf_fp_dec.o(.text)
    _printf_fp_dec_real                      0x08000c33   Thumb Code   620  _printf_fp_dec.o(.text)
    _printf_char_common                      0x08000eb7   Thumb Code    32  _printf_char_common.o(.text)
    _sputc                                   0x08000edd   Thumb Code    10  _sputc.o(.text)
    _printf_cs_common                        0x08000ee7   Thumb Code    22  _printf_char.o(.text)
    _printf_char                             0x08000efd   Thumb Code    16  _printf_char.o(.text)
    _printf_string                           0x08000f0d   Thumb Code     8  _printf_char.o(.text)
    __rt_udiv10                              0x08000f15   Thumb Code    40  rtudiv10.o(.text)
    __aeabi_dadd                             0x08001235   Thumb Code     0  daddsub.o(.text)
    _dadd                                    0x08001235   Thumb Code    26  daddsub.o(.text)
    __aeabi_dsub                             0x0800124f   Thumb Code     0  daddsub.o(.text)
    _dsub                                    0x0800124f   Thumb Code    22  daddsub.o(.text)
    __aeabi_drsub                            0x08001265   Thumb Code     0  daddsub.o(.text)
    _drsb                                    0x08001265   Thumb Code    28  daddsub.o(.text)
    _drnd                                    0x08001295   Thumb Code   232  drnd.o(.text)
    __rt_locale                              0x08001385   Thumb Code     8  rt_locale_intlibspace.o(.text)
    _ll_udiv10                               0x0800138d   Thumb Code   122  lludiv10.o(.text)
    _printf_fp_infnan                        0x08001409   Thumb Code   120  _printf_fp_infnan.o(.text)
    _btod_etento                             0x08001491   Thumb Code   210  bigflt0.o(.text)
    _btod_d2e                                0x08001569   Thumb Code    64  btod.o(.text)
    _btod_emul                               0x0800199d   Thumb Code    28  btod.o(.text)
    _btod_emuld                              0x080019b9   Thumb Code   144  btod.o(.text)
    _btod_ediv                               0x08001a49   Thumb Code    26  btod.o(.text)
    _btod_edivd                              0x08001a63   Thumb Code   124  btod.o(.text)
    __fpl_dcmp_InfNaN                        0x08001ae9   Thumb Code   140  dcmpin.o(.text)
    __user_libspace                          0x08001b79   Thumb Code     8  libspace.o(.text)
    __user_perproc_libspace                  0x08001b79   Thumb Code     0  libspace.o(.text)
    __user_perthread_libspace                0x08001b79   Thumb Code     0  libspace.o(.text)
    __user_setup_stackheap                   0x08001b81   Thumb Code    62  sys_stackheap_outer.o(.text)
    exit                                     0x08001bbf   Thumb Code    16  exit.o(.text)
    strcmp                                   0x08001bd1   Thumb Code   132  strcmp.o(.text)
    __fpl_cmpreturn                          0x08001c59   Thumb Code    46  cmpret.o(.text)
    __fpl_dcheck_NaN2                        0x08001c89   Thumb Code    14  dnan2.o(.text)
    __fpl_return_NaN                         0x08001c9d   Thumb Code    94  retnan.o(.text)
    _sys_exit                                0x08001cfd   Thumb Code     8  sys_exit.o(.text)
    __I$use$semihosting                      0x08001d09   Thumb Code     0  use_no_semi.o(.text)
    __use_no_semihosting_swi                 0x08001d09   Thumb Code     2  use_no_semi.o(.text)
    __semihosting_library_function           0x08001d0b   Thumb Code     0  indicate_semi.o(.text)
    ADXL345_Init                             0x08001d0d   Thumb Code   170  imu.o(i.ADXL345_Init)
    ADXL345_Probe                            0x08001de9   Thumb Code    82  imu.o(i.ADXL345_Probe)
    ADXL345_Rread                            0x08001e51   Thumb Code    70  imu.o(i.ADXL345_Rread)
    ADXL345_Test                             0x08001e9d   Thumb Code   172  imu.o(i.ADXL345_Test)
    ADXL345_Write                            0x08001f69   Thumb Code    64  imu.o(i.ADXL345_Write)
    EXTI4_15_IRQHandler                      0x08001fad   Thumb Code    20  stm32g0xx_it.o(i.EXTI4_15_IRQHandler)
    Error_Handler                            0x08001fc1   Thumb Code     4  main.o(i.Error_Handler)
    Get_Adxl345_ID                           0x08001fc5   Thumb Code    18  imu.o(i.Get_Adxl345_ID)
    HAL_DMA_Abort_IT                         0x08001fd9   Thumb Code   118  stm32g0xx_hal_dma.o(i.HAL_DMA_Abort_IT)
    HAL_DMA_GetState                         0x08002055   Thumb Code     6  stm32g0xx_hal_dma.o(i.HAL_DMA_GetState)
    HAL_Delay                                0x0800205d   Thumb Code    32  stm32g0xx_hal.o(i.HAL_Delay)
    HAL_GPIO_DeInit                          0x08002081   Thumb Code   196  stm32g0xx_hal_gpio.o(i.HAL_GPIO_DeInit)
    HAL_GPIO_EXTI_Falling_Callback           0x08002155   Thumb Code     2  stm32g0xx_hal_gpio.o(i.HAL_GPIO_EXTI_Falling_Callback)
    HAL_GPIO_EXTI_IRQHandler                 0x08002159   Thumb Code    36  stm32g0xx_hal_gpio.o(i.HAL_GPIO_EXTI_IRQHandler)
    HAL_GPIO_EXTI_Rising_Callback            0x08002181   Thumb Code    30  main.o(i.HAL_GPIO_EXTI_Rising_Callback)
    HAL_GPIO_Init                            0x080021a5   Thumb Code   330  stm32g0xx_hal_gpio.o(i.HAL_GPIO_Init)
    HAL_GPIO_WritePin                        0x08002301   Thumb Code    12  stm32g0xx_hal_gpio.o(i.HAL_GPIO_WritePin)
    HAL_GetTick                              0x0800230d   Thumb Code     6  stm32g0xx_hal.o(i.HAL_GetTick)
    HAL_I2CEx_ConfigAnalogFilter             0x08002319   Thumb Code    74  stm32g0xx_hal_i2c_ex.o(i.HAL_I2CEx_ConfigAnalogFilter)
    HAL_I2CEx_ConfigDigitalFilter            0x08002363   Thumb Code    72  stm32g0xx_hal_i2c_ex.o(i.HAL_I2CEx_ConfigDigitalFilter)
    HAL_I2C_AbortCpltCallback                0x080023ab   Thumb Code     2  stm32g0xx_hal_i2c.o(i.HAL_I2C_AbortCpltCallback)
    HAL_I2C_AddrCallback                     0x080023ad   Thumb Code     2  stm32g0xx_hal_i2c.o(i.HAL_I2C_AddrCallback)
    HAL_I2C_ER_IRQHandler                    0x080023af   Thumb Code    94  stm32g0xx_hal_i2c.o(i.HAL_I2C_ER_IRQHandler)
    HAL_I2C_EV_IRQHandler                    0x0800240d   Thumb Code    16  stm32g0xx_hal_i2c.o(i.HAL_I2C_EV_IRQHandler)
    HAL_I2C_ErrorCallback                    0x0800241d   Thumb Code    16  main.o(i.HAL_I2C_ErrorCallback)
    HAL_I2C_Init                             0x0800242d   Thumb Code   182  stm32g0xx_hal_i2c.o(i.HAL_I2C_Init)
    HAL_I2C_ListenCpltCallback               0x080024e9   Thumb Code     2  stm32g0xx_hal_i2c.o(i.HAL_I2C_ListenCpltCallback)
    HAL_I2C_Master_Transmit                  0x080024ed   Thumb Code   304  stm32g0xx_hal_i2c.o(i.HAL_I2C_Master_Transmit)
    HAL_I2C_Mem_Read                         0x08002625   Thumb Code   332  stm32g0xx_hal_i2c.o(i.HAL_I2C_Mem_Read)
    HAL_I2C_Mem_Write                        0x08002779   Thumb Code   326  stm32g0xx_hal_i2c.o(i.HAL_I2C_Mem_Write)
    HAL_I2C_MspDeInit                        0x080028c5   Thumb Code    50  i2c.o(i.HAL_I2C_MspDeInit)
    HAL_I2C_MspInit                          0x08002905   Thumb Code   130  i2c.o(i.HAL_I2C_MspInit)
    HAL_I2C_SlaveRxCpltCallback              0x08002995   Thumb Code     2  stm32g0xx_hal_i2c.o(i.HAL_I2C_SlaveRxCpltCallback)
    HAL_I2C_SlaveTxCpltCallback              0x08002997   Thumb Code     2  stm32g0xx_hal_i2c.o(i.HAL_I2C_SlaveTxCpltCallback)
    HAL_IWDG_Init                            0x08002999   Thumb Code    94  stm32g0xx_hal_iwdg.o(i.HAL_IWDG_Init)
    HAL_IWDG_Refresh                         0x08002a05   Thumb Code    10  stm32g0xx_hal_iwdg.o(i.HAL_IWDG_Refresh)
    HAL_IncTick                              0x08002a15   Thumb Code    12  stm32g0xx_hal.o(i.HAL_IncTick)
    HAL_Init                                 0x08002a25   Thumb Code    36  stm32g0xx_hal.o(i.HAL_Init)
    HAL_InitTick                             0x08002a4d   Thumb Code    64  stm32g0xx_hal.o(i.HAL_InitTick)
    HAL_MspInit                              0x08002a95   Thumb Code    54  stm32g0xx_hal_msp.o(i.HAL_MspInit)
    HAL_NVIC_DisableIRQ                      0x08002ad1   Thumb Code    26  stm32g0xx_hal_cortex.o(i.HAL_NVIC_DisableIRQ)
    HAL_NVIC_EnableIRQ                       0x08002af1   Thumb Code    18  stm32g0xx_hal_cortex.o(i.HAL_NVIC_EnableIRQ)
    HAL_NVIC_SetPriority                     0x08002b09   Thumb Code     8  stm32g0xx_hal_cortex.o(i.HAL_NVIC_SetPriority)
    HAL_PWREx_ControlVoltageScaling          0x08002b11   Thumb Code    62  stm32g0xx_hal_pwr_ex.o(i.HAL_PWREx_ControlVoltageScaling)
    HAL_RCCEx_PeriphCLKConfig                0x08002b5d   Thumb Code   320  stm32g0xx_hal_rcc_ex.o(i.HAL_RCCEx_PeriphCLKConfig)
    HAL_RCC_ClockConfig                      0x08002ca9   Thumb Code   318  stm32g0xx_hal_rcc.o(i.HAL_RCC_ClockConfig)
    HAL_RCC_GetPCLK1Freq                     0x08002e01   Thumb Code    26  stm32g0xx_hal_rcc.o(i.HAL_RCC_GetPCLK1Freq)
    HAL_RCC_GetSysClockFreq                  0x08002e29   Thumb Code   130  stm32g0xx_hal_rcc.o(i.HAL_RCC_GetSysClockFreq)
    HAL_RCC_OscConfig                        0x08002eb5   Thumb Code   946  stm32g0xx_hal_rcc.o(i.HAL_RCC_OscConfig)
    HAL_SPI_Init                             0x0800328d   Thumb Code   238  stm32g0xx_hal_spi.o(i.HAL_SPI_Init)
    HAL_SPI_MspInit                          0x0800337d   Thumb Code    86  spi.o(i.HAL_SPI_MspInit)
    HAL_SPI_Receive                          0x080033dd   Thumb Code   360  stm32g0xx_hal_spi.o(i.HAL_SPI_Receive)
    HAL_SPI_Transmit                         0x08003545   Thumb Code   352  stm32g0xx_hal_spi.o(i.HAL_SPI_Transmit)
    HAL_SPI_TransmitReceive                  0x080036a5   Thumb Code   504  stm32g0xx_hal_spi.o(i.HAL_SPI_TransmitReceive)
    HAL_SYSTICK_Config                       0x0800389d   Thumb Code    38  stm32g0xx_hal_cortex.o(i.HAL_SYSTICK_Config)
    HAL_TIM_Base_Init                        0x080038cd   Thumb Code    76  stm32g0xx_hal_tim.o(i.HAL_TIM_Base_Init)
    HAL_TIM_Base_MspInit                     0x08003919   Thumb Code    30  tim.o(i.HAL_TIM_Base_MspInit)
    HAL_UART_Init                            0x08003941   Thumb Code   108  stm32g0xx_hal_uart.o(i.HAL_UART_Init)
    HAL_UART_MspInit                         0x080039ad   Thumb Code    84  usart.o(i.HAL_UART_MspInit)
    HAL_UART_Transmit                        0x08003a09   Thumb Code   206  stm32g0xx_hal_uart.o(i.HAL_UART_Transmit)
    HardFault_Handler                        0x08003ad7   Thumb Code     2  stm32g0xx_it.o(i.HardFault_Handler)
    I2C1_IRQHandler                          0x08003ad9   Thumb Code    28  stm32g0xx_it.o(i.I2C1_IRQHandler)
    INA226_read_buf                          0x08004411   Thumb Code   250  main.o(i.INA226_read_buf)
    MX_GPIO_Init                             0x08004569   Thumb Code   118  gpio.o(i.MX_GPIO_Init)
    MX_I2C1_Init                             0x080045e5   Thumb Code    76  i2c.o(i.MX_I2C1_Init)
    MX_IWDG_Init                             0x0800463d   Thumb Code    32  iwdg.o(i.MX_IWDG_Init)
    MX_SPI1_Init                             0x08004669   Thumb Code    68  spi.o(i.MX_SPI1_Init)
    MX_TIM17_Init                            0x080046b5   Thumb Code    40  tim.o(i.MX_TIM17_Init)
    MX_USART2_UART_Init                      0x080046e9   Thumb Code    50  usart.o(i.MX_USART2_UART_Init)
    NMI_Handler                              0x08004725   Thumb Code     2  stm32g0xx_it.o(i.NMI_Handler)
    OLED_Clear                               0x08004727   Thumb Code    52  screen.o(i.OLED_Clear)
    OLED_Init                                0x0800475d   Thumb Code   204  screen.o(i.OLED_Init)
    OLED_SetPos                              0x0800482d   Thumb Code    30  screen.o(i.OLED_SetPos)
    OLED_ShowCN_Big                          0x0800484b   Thumb Code   130  screen.o(i.OLED_ShowCN_Big)
    OLED_ShowChar                            0x080048cd   Thumb Code   118  screen.o(i.OLED_ShowChar)
    OLED_ShowEN                              0x0800494d   Thumb Code    68  screen.o(i.OLED_ShowEN)
    OLED_ShowName                            0x08004991   Thumb Code    78  screen.o(i.OLED_ShowName)
    OLED_ShowString                          0x080049df   Thumb Code    52  screen.o(i.OLED_ShowString)
    PendSV_Handler                           0x08004a13   Thumb Code     2  stm32g0xx_it.o(i.PendSV_Handler)
    RCC_IRQHandler                           0x08004a15   Thumb Code     2  stm32g0xx_it.o(i.RCC_IRQHandler)
    SSD1306_WriteCmd                         0x08004c6d   Thumb Code    30  screen.o(i.SSD1306_WriteCmd)
    SSD1306_WriteData                        0x08004c91   Thumb Code    30  screen.o(i.SSD1306_WriteData)
    SVC_Handler                              0x08004cb5   Thumb Code     2  stm32g0xx_it.o(i.SVC_Handler)
    SysTick_Handler                          0x08004cb7   Thumb Code     8  stm32g0xx_it.o(i.SysTick_Handler)
    SystemClock_Config                       0x08004cbf   Thumb Code   114  main.o(i.SystemClock_Config)
    SystemInit                               0x08004d31   Thumb Code     2  system_stm32g0xx.o(i.SystemInit)
    TIM_Base_SetConfig                       0x08004d35   Thumb Code   114  stm32g0xx_hal_tim.o(i.TIM_Base_SetConfig)
    UART_AdvFeatureConfig                    0x08004dbd   Thumb Code   202  stm32g0xx_hal_uart.o(i.UART_AdvFeatureConfig)
    UART_CheckIdleState                      0x08004e89   Thumb Code   180  stm32g0xx_hal_uart.o(i.UART_CheckIdleState)
    UART_SetConfig                           0x08004fa5   Thumb Code   326  stm32g0xx_hal_uart.o(i.UART_SetConfig)
    UART_WaitOnFlagUntilTimeout              0x0800510d   Thumb Code   144  stm32g0xx_hal_uart.o(i.UART_WaitOnFlagUntilTimeout)
    __ARM_common_ll_muluu                    0x0800519d   Thumb Code    48  btod.o(i.__ARM_common_ll_muluu)
    __ARM_fpclassify                         0x080051cd   Thumb Code    40  fpclassify.o(i.__ARM_fpclassify)
    _is_digit                                0x0800523d   Thumb Code    14  __printf_wp.o(i._is_digit)
    main                                     0x0800524d   Thumb Code   538  main.o(i.main)
    round                                    0x080054f1   Thumb Code   142  round.o(i.round)
    _get_lc_numeric                          0x0800558d   Thumb Code    44  lc_numeric_c.o(locale$$code)
    __aeabi_cdcmple                          0x080055b9   Thumb Code     0  dlef.o(x$fpl$dleqf)
    _dcmple                                  0x080055b9   Thumb Code    94  dlef.o(x$fpl$dleqf)
    __aeabi_cdrcmple                         0x0800561d   Thumb Code     0  drlef.o(x$fpl$drleqf)
    _drcmple                                 0x0800561d   Thumb Code   100  drlef.o(x$fpl$drleqf)
    __aeabi_fmul                             0x08005685   Thumb Code     0  fmul.o(x$fpl$fmul)
    _fmul                                    0x08005685   Thumb Code   172  fmul.o(x$fpl$fmul)
    _printf_fp_dec                           0x08005735   Thumb Code    16  printf1.o(x$fpl$printf1)
    F6x8                                     0x08005744   Data         552  screen.o(.constdata)
    __I$use$fp                               0x08005744   Number         0  usenofp.o(x$fpl$usenofp)
    F8X16                                    0x0800596c   Data        1520  screen.o(.constdata)
    Hzk                                      0x08005f5c   Data         256  screen.o(.constdata)
    Hzk2                                     0x0800605c   Data         192  screen.o(.constdata)
    imu_title                                0x0800611c   Data         208  screen.o(.constdata)
    auth_name2                               0x080061ec   Data         384  screen.o(.constdata)
    member_name3                             0x0800636c   Data          96  screen.o(.constdata)
    member_name4                             0x080063cc   Data          96  screen.o(.constdata)
    member_name1                             0x0800642c   Data          96  screen.o(.constdata)
    member_name2                             0x0800648c   Data          96  screen.o(.constdata)
    UARTPrescTable                           0x080064ec   Data          24  stm32g0xx_hal_uart.o(.constdata)
    AHBPrescTable                            0x08006504   Data          64  system_stm32g0xx.o(.constdata)
    APBPrescTable                            0x08006544   Data          32  system_stm32g0xx.o(.constdata)
    Region$$Table$$Base                      0x080065f8   Number         0  anon$$obj.o(Region$$Table)
    Region$$Table$$Limit                     0x08006618   Number         0  anon$$obj.o(Region$$Table)
    ISR_flag                                 0x20000000   Data           1  main.o(.data)
    ISR_flag_prev                            0x20000001   Data           1  main.o(.data)
    I_LSB_CORRECTED                          0x20000004   Data           4  main.o(.data)
    uwTickFreq                               0x20000018   Data           1  stm32g0xx_hal.o(.data)
    uwTickPrio                               0x2000001c   Data           4  stm32g0xx_hal.o(.data)
    uwTick                                   0x20000020   Data           4  stm32g0xx_hal.o(.data)
    SystemCoreClock                          0x20000024   Data           4  system_stm32g0xx.o(.data)
    hi2c1                                    0x20000028   Data          84  i2c.o(.bss)
    hiwdg                                    0x2000007c   Data          16  iwdg.o(.bss)
    hspi1                                    0x2000008c   Data         100  spi.o(.bss)
    htim17                                   0x200000f0   Data          76  tim.o(.bss)
    huart2                                   0x2000013c   Data         148  usart.o(.bss)
    __libspace_start                         0x200001d0   Data          96  libspace.o(.bss)
    __temporary_stack_top$libspace           0x20000230   Data           0  libspace.o(.bss)



==============================================================================

Memory Map of the image

  Image Entry point : 0x080000c1

  Load Region LR_IROM1 (Base: 0x08000000, Size: 0x0000665c, Max: 0x00008000, ABSOLUTE)

    Execution Region ER_IROM1 (Exec base: 0x08000000, Load base: 0x08000000, Size: 0x00006634, Max: 0x00008000, ABSOLUTE)

    Exec Addr    Load Addr    Size         Type   Attr      Idx    E Section Name        Object

    0x08000000   0x08000000   0x000000c0   Data   RO            3    RESET               startup_stm32g030xx.o
    0x080000c0   0x080000c0   0x00000008   Code   RO         4368  * !!!main             c_p.l(__main.o)
    0x080000c8   0x080000c8   0x0000003c   Code   RO         4614    !!!scatter          c_p.l(__scatter.o)
    0x08000104   0x08000104   0x0000001a   Code   RO         4616    !!handler_copy      c_p.l(__scatter_copy.o)
    0x0800011e   0x0800011e   0x00000002   PAD
    0x08000120   0x08000120   0x0000001c   Code   RO         4618    !!handler_zi        c_p.l(__scatter_zi.o)
    0x0800013c   0x0800013c   0x00000002   Code   RO         4359    .ARM.Collect$$_printf_percent$$00000000  c_p.l(_printf_percent.o)
    0x0800013e   0x0800013e   0x0000000a   Code   RO         4358    .ARM.Collect$$_printf_percent$$00000003  c_p.l(_printf_f.o)
    0x08000148   0x08000148   0x0000000a   Code   RO         4356    .ARM.Collect$$_printf_percent$$00000008  c_p.l(_printf_i.o)
    0x08000152   0x08000152   0x0000000a   Code   RO         4357    .ARM.Collect$$_printf_percent$$00000009  c_p.l(_printf_d.o)
    0x0800015c   0x0800015c   0x0000000a   Code   RO         4354    .ARM.Collect$$_printf_percent$$00000013  c_p.l(_printf_c.o)
    0x08000166   0x08000166   0x00000004   Code   RO         4403    .ARM.Collect$$_printf_percent$$00000017  c_p.l(_printf_percent_end.o)
    0x0800016a   0x0800016a   0x00000002   Code   RO         4478    .ARM.Collect$$libinit$$00000000  c_p.l(libinit.o)
    0x0800016c   0x0800016c   0x00000000   Code   RO         4480    .ARM.Collect$$libinit$$00000002  c_p.l(libinit2.o)
    0x0800016c   0x0800016c   0x00000000   Code   RO         4482    .ARM.Collect$$libinit$$00000004  c_p.l(libinit2.o)
    0x0800016c   0x0800016c   0x00000000   Code   RO         4485    .ARM.Collect$$libinit$$0000000A  c_p.l(libinit2.o)
    0x0800016c   0x0800016c   0x00000000   Code   RO         4487    .ARM.Collect$$libinit$$0000000C  c_p.l(libinit2.o)
    0x0800016c   0x0800016c   0x00000000   Code   RO         4489    .ARM.Collect$$libinit$$0000000E  c_p.l(libinit2.o)
    0x0800016c   0x0800016c   0x00000006   Code   RO         4490    .ARM.Collect$$libinit$$0000000F  c_p.l(libinit2.o)
    0x08000172   0x08000172   0x00000000   Code   RO         4492    .ARM.Collect$$libinit$$00000011  c_p.l(libinit2.o)
    0x08000172   0x08000172   0x00000000   Code   RO         4494    .ARM.Collect$$libinit$$00000013  c_p.l(libinit2.o)
    0x08000172   0x08000172   0x00000000   Code   RO         4496    .ARM.Collect$$libinit$$00000015  c_p.l(libinit2.o)
    0x08000172   0x08000172   0x0000000a   Code   RO         4497    .ARM.Collect$$libinit$$00000016  c_p.l(libinit2.o)
    0x0800017c   0x0800017c   0x00000000   Code   RO         4498    .ARM.Collect$$libinit$$00000017  c_p.l(libinit2.o)
    0x0800017c   0x0800017c   0x00000000   Code   RO         4500    .ARM.Collect$$libinit$$00000019  c_p.l(libinit2.o)
    0x0800017c   0x0800017c   0x00000000   Code   RO         4502    .ARM.Collect$$libinit$$0000001B  c_p.l(libinit2.o)
    0x0800017c   0x0800017c   0x00000000   Code   RO         4504    .ARM.Collect$$libinit$$0000001D  c_p.l(libinit2.o)
    0x0800017c   0x0800017c   0x00000000   Code   RO         4506    .ARM.Collect$$libinit$$0000001F  c_p.l(libinit2.o)
    0x0800017c   0x0800017c   0x00000000   Code   RO         4508    .ARM.Collect$$libinit$$00000021  c_p.l(libinit2.o)
    0x0800017c   0x0800017c   0x00000000   Code   RO         4510    .ARM.Collect$$libinit$$00000023  c_p.l(libinit2.o)
    0x0800017c   0x0800017c   0x00000000   Code   RO         4512    .ARM.Collect$$libinit$$00000025  c_p.l(libinit2.o)
    0x0800017c   0x0800017c   0x00000000   Code   RO         4516    .ARM.Collect$$libinit$$0000002C  c_p.l(libinit2.o)
    0x0800017c   0x0800017c   0x00000000   Code   RO         4518    .ARM.Collect$$libinit$$0000002E  c_p.l(libinit2.o)
    0x0800017c   0x0800017c   0x00000000   Code   RO         4520    .ARM.Collect$$libinit$$00000030  c_p.l(libinit2.o)
    0x0800017c   0x0800017c   0x00000000   Code   RO         4522    .ARM.Collect$$libinit$$00000032  c_p.l(libinit2.o)
    0x0800017c   0x0800017c   0x00000002   Code   RO         4523    .ARM.Collect$$libinit$$00000033  c_p.l(libinit2.o)
    0x0800017e   0x0800017e   0x00000002   Code   RO         4577    .ARM.Collect$$libshutdown$$00000000  c_p.l(libshutdown.o)
    0x08000180   0x08000180   0x00000000   Code   RO         4595    .ARM.Collect$$libshutdown$$00000002  c_p.l(libshutdown2.o)
    0x08000180   0x08000180   0x00000000   Code   RO         4597    .ARM.Collect$$libshutdown$$00000004  c_p.l(libshutdown2.o)
    0x08000180   0x08000180   0x00000000   Code   RO         4599    .ARM.Collect$$libshutdown$$00000006  c_p.l(libshutdown2.o)
    0x08000180   0x08000180   0x00000000   Code   RO         4602    .ARM.Collect$$libshutdown$$00000009  c_p.l(libshutdown2.o)
    0x08000180   0x08000180   0x00000000   Code   RO         4605    .ARM.Collect$$libshutdown$$0000000C  c_p.l(libshutdown2.o)
    0x08000180   0x08000180   0x00000000   Code   RO         4607    .ARM.Collect$$libshutdown$$0000000E  c_p.l(libshutdown2.o)
    0x08000180   0x08000180   0x00000000   Code   RO         4610    .ARM.Collect$$libshutdown$$00000011  c_p.l(libshutdown2.o)
    0x08000180   0x08000180   0x00000002   Code   RO         4611    .ARM.Collect$$libshutdown$$00000012  c_p.l(libshutdown2.o)
    0x08000182   0x08000182   0x00000000   Code   RO         4388    .ARM.Collect$$rtentry$$00000000  c_p.l(__rtentry.o)
    0x08000182   0x08000182   0x00000000   Code   RO         4416    .ARM.Collect$$rtentry$$00000002  c_p.l(__rtentry2.o)
    0x08000182   0x08000182   0x00000006   Code   RO         4428    .ARM.Collect$$rtentry$$00000004  c_p.l(__rtentry4.o)
    0x08000188   0x08000188   0x00000000   Code   RO         4418    .ARM.Collect$$rtentry$$00000009  c_p.l(__rtentry2.o)
    0x08000188   0x08000188   0x00000004   Code   RO         4419    .ARM.Collect$$rtentry$$0000000A  c_p.l(__rtentry2.o)
    0x0800018c   0x0800018c   0x00000000   Code   RO         4421    .ARM.Collect$$rtentry$$0000000C  c_p.l(__rtentry2.o)
    0x0800018c   0x0800018c   0x00000008   Code   RO         4422    .ARM.Collect$$rtentry$$0000000D  c_p.l(__rtentry2.o)
    0x08000194   0x08000194   0x00000002   Code   RO         4529    .ARM.Collect$$rtexit$$00000000  c_p.l(rtexit.o)
    0x08000196   0x08000196   0x00000000   Code   RO         4546    .ARM.Collect$$rtexit$$00000002  c_p.l(rtexit2.o)
    0x08000196   0x08000196   0x00000004   Code   RO         4547    .ARM.Collect$$rtexit$$00000003  c_p.l(rtexit2.o)
    0x0800019a   0x0800019a   0x00000006   Code   RO         4548    .ARM.Collect$$rtexit$$00000004  c_p.l(rtexit2.o)
    0x080001a0   0x080001a0   0x00000038   Code   RO            4    .text               startup_stm32g030xx.o
    0x080001d8   0x080001d8   0x00000028   Code   RO         4303    .text               c_p.l(noretval__2sprintf.o)
    0x08000200   0x08000200   0x00000024   Code   RO         4307    .text               c_p.l(_printf_truncate.o)
    0x08000224   0x08000224   0x00000052   Code   RO         4309    .text               c_p.l(_printf_str.o)
    0x08000276   0x08000276   0x00000002   PAD
    0x08000278   0x08000278   0x0000006c   Code   RO         4311    .text               c_p.l(_printf_dec.o)
    0x080002e4   0x080002e4   0x00000160   Code   RO         4349    .text               c_p.l(__printf_ss_wp.o)
    0x08000444   0x08000444   0x00000040   Code   RO         4360    .text               c_p.l(rt_memclr.o)
    0x08000484   0x08000484   0x0000015a   Code   RO         4362    .text               c_p.l(aeabi_sdiv.o)
    0x080005de   0x080005de   0x00000006   Code   RO         4366    .text               c_p.l(heapauxi.o)
    0x080005e4   0x080005e4   0x0000007c   Code   RO         4370    .text               fz_ps.l(d2f.o)
    0x08000660   0x08000660   0x00000058   Code   RO         4372    .text               fz_ps.l(dflti.o)
    0x080006b8   0x080006b8   0x00000248   Code   RO         4374    .text               fz_ps.l(dmul.o)
    0x08000900   0x08000900   0x00000054   Code   RO         4376    .text               fz_ps.l(f2d.o)
    0x08000954   0x08000954   0x00000030   Code   RO         4378    .text               fz_ps.l(ffixui.o)
    0x08000984   0x08000984   0x0000005e   Code   RO         4380    .text               fz_ps.l(fflti.o)
    0x080009e2   0x080009e2   0x000000b0   Code   RO         4393    .text               c_p.l(_printf_intcommon.o)
    0x08000a92   0x08000a92   0x00000002   PAD
    0x08000a94   0x08000a94   0x00000418   Code   RO         4395    .text               c_p.l(_printf_fp_dec.o)
    0x08000eac   0x08000eac   0x00000030   Code   RO         4397    .text               c_p.l(_printf_char_common.o)
    0x08000edc   0x08000edc   0x0000000a   Code   RO         4399    .text               c_p.l(_sputc.o)
    0x08000ee6   0x08000ee6   0x0000002e   Code   RO         4401    .text               c_p.l(_printf_char.o)
    0x08000f14   0x08000f14   0x00000028   Code   RO         4404    .text               c_p.l(rtudiv10.o)
    0x08000f3c   0x08000f3c   0x00000358   Code   RO         4406    .text               fz_ps.l(daddsub.o)
    0x08001294   0x08001294   0x000000f0   Code   RO         4412    .text               fz_ps.l(drnd.o)
    0x08001384   0x08001384   0x00000008   Code   RO         4435    .text               c_p.l(rt_locale_intlibspace.o)
    0x0800138c   0x0800138c   0x0000007a   Code   RO         4437    .text               c_p.l(lludiv10.o)
    0x08001406   0x08001406   0x00000002   PAD
    0x08001408   0x08001408   0x00000088   Code   RO         4439    .text               c_p.l(_printf_fp_infnan.o)
    0x08001490   0x08001490   0x000000d8   Code   RO         4443    .text               c_p.l(bigflt0.o)
    0x08001568   0x08001568   0x00000580   Code   RO         4446    .text               c_p.l(btod.o)
    0x08001ae8   0x08001ae8   0x00000090   Code   RO         4453    .text               fz_ps.l(dcmpin.o)
    0x08001b78   0x08001b78   0x00000008   Code   RO         4459    .text               c_p.l(libspace.o)
    0x08001b80   0x08001b80   0x0000003e   Code   RO         4462    .text               c_p.l(sys_stackheap_outer.o)
    0x08001bbe   0x08001bbe   0x00000010   Code   RO         4465    .text               c_p.l(exit.o)
    0x08001bce   0x08001bce   0x00000002   PAD
    0x08001bd0   0x08001bd0   0x00000088   Code   RO         4471    .text               c_p.l(strcmp.o)
    0x08001c58   0x08001c58   0x0000002e   Code   RO         4524    .text               fz_ps.l(cmpret.o)
    0x08001c86   0x08001c86   0x00000002   PAD
    0x08001c88   0x08001c88   0x00000014   Code   RO         4526    .text               fz_ps.l(dnan2.o)
    0x08001c9c   0x08001c9c   0x0000005e   Code   RO         4541    .text               fz_ps.l(retnan.o)
    0x08001cfa   0x08001cfa   0x00000002   PAD
    0x08001cfc   0x08001cfc   0x0000000c   Code   RO         4543    .text               c_p.l(sys_exit.o)
    0x08001d08   0x08001d08   0x00000002   Code   RO         4564    .text               c_p.l(use_no_semi.o)
    0x08001d0a   0x08001d0a   0x00000000   Code   RO         4566    .text               c_p.l(indicate_semi.o)
    0x08001d0a   0x08001d0a   0x00000002   PAD
    0x08001d0c   0x08001d0c   0x000000dc   Code   RO          524    i.ADXL345_Init      imu.o
    0x08001de8   0x08001de8   0x00000068   Code   RO          525    i.ADXL345_Probe     imu.o
    0x08001e50   0x08001e50   0x0000004c   Code   RO          526    i.ADXL345_Rread     imu.o
    0x08001e9c   0x08001e9c   0x000000cc   Code   RO          527    i.ADXL345_Test      imu.o
    0x08001f68   0x08001f68   0x00000044   Code   RO          528    i.ADXL345_Write     imu.o
    0x08001fac   0x08001fac   0x00000014   Code   RO          438    i.EXTI4_15_IRQHandler  stm32g0xx_it.o
    0x08001fc0   0x08001fc0   0x00000004   Code   RO           12    i.Error_Handler     main.o
    0x08001fc4   0x08001fc4   0x00000012   Code   RO          529    i.Get_Adxl345_ID    imu.o
    0x08001fd6   0x08001fd6   0x00000002   PAD
    0x08001fd8   0x08001fd8   0x0000007c   Code   RO         1629    i.HAL_DMA_Abort_IT  stm32g0xx_hal_dma.o
    0x08002054   0x08002054   0x00000006   Code   RO         1632    i.HAL_DMA_GetState  stm32g0xx_hal_dma.o
    0x0800205a   0x0800205a   0x00000002   PAD
    0x0800205c   0x0800205c   0x00000024   Code   RO         2100    i.HAL_Delay         stm32g0xx_hal.o
    0x08002080   0x08002080   0x000000d4   Code   RO         1557    i.HAL_GPIO_DeInit   stm32g0xx_hal_gpio.o
    0x08002154   0x08002154   0x00000002   Code   RO         1558    i.HAL_GPIO_EXTI_Falling_Callback  stm32g0xx_hal_gpio.o
    0x08002156   0x08002156   0x00000002   PAD
    0x08002158   0x08002158   0x00000028   Code   RO         1559    i.HAL_GPIO_EXTI_IRQHandler  stm32g0xx_hal_gpio.o
    0x08002180   0x08002180   0x00000024   Code   RO           13    i.HAL_GPIO_EXTI_Rising_Callback  main.o
    0x080021a4   0x080021a4   0x0000015c   Code   RO         1561    i.HAL_GPIO_Init     stm32g0xx_hal_gpio.o
    0x08002300   0x08002300   0x0000000c   Code   RO         1565    i.HAL_GPIO_WritePin  stm32g0xx_hal_gpio.o
    0x0800230c   0x0800230c   0x0000000c   Code   RO         2104    i.HAL_GetTick       stm32g0xx_hal.o
    0x08002318   0x08002318   0x0000004a   Code   RO         1160    i.HAL_I2CEx_ConfigAnalogFilter  stm32g0xx_hal_i2c_ex.o
    0x08002362   0x08002362   0x00000048   Code   RO         1161    i.HAL_I2CEx_ConfigDigitalFilter  stm32g0xx_hal_i2c_ex.o
    0x080023aa   0x080023aa   0x00000002   Code   RO          692    i.HAL_I2C_AbortCpltCallback  stm32g0xx_hal_i2c.o
    0x080023ac   0x080023ac   0x00000002   Code   RO          693    i.HAL_I2C_AddrCallback  stm32g0xx_hal_i2c.o
    0x080023ae   0x080023ae   0x0000005e   Code   RO          696    i.HAL_I2C_ER_IRQHandler  stm32g0xx_hal_i2c.o
    0x0800240c   0x0800240c   0x00000010   Code   RO          697    i.HAL_I2C_EV_IRQHandler  stm32g0xx_hal_i2c.o
    0x0800241c   0x0800241c   0x00000010   Code   RO           14    i.HAL_I2C_ErrorCallback  main.o
    0x0800242c   0x0800242c   0x000000bc   Code   RO          703    i.HAL_I2C_Init      stm32g0xx_hal_i2c.o
    0x080024e8   0x080024e8   0x00000002   Code   RO          705    i.HAL_I2C_ListenCpltCallback  stm32g0xx_hal_i2c.o
    0x080024ea   0x080024ea   0x00000002   PAD
    0x080024ec   0x080024ec   0x00000138   Code   RO          716    i.HAL_I2C_Master_Transmit  stm32g0xx_hal_i2c.o
    0x08002624   0x08002624   0x00000154   Code   RO          721    i.HAL_I2C_Mem_Read  stm32g0xx_hal_i2c.o
    0x08002778   0x08002778   0x0000014c   Code   RO          724    i.HAL_I2C_Mem_Write  stm32g0xx_hal_i2c.o
    0x080028c4   0x080028c4   0x00000040   Code   RO          254    i.HAL_I2C_MspDeInit  i2c.o
    0x08002904   0x08002904   0x00000090   Code   RO          255    i.HAL_I2C_MspInit   i2c.o
    0x08002994   0x08002994   0x00000002   Code   RO          729    i.HAL_I2C_SlaveRxCpltCallback  stm32g0xx_hal_i2c.o
    0x08002996   0x08002996   0x00000002   Code   RO          730    i.HAL_I2C_SlaveTxCpltCallback  stm32g0xx_hal_i2c.o
    0x08002998   0x08002998   0x0000006c   Code   RO         2357    i.HAL_IWDG_Init     stm32g0xx_hal_iwdg.o
    0x08002a04   0x08002a04   0x00000010   Code   RO         2358    i.HAL_IWDG_Refresh  stm32g0xx_hal_iwdg.o
    0x08002a14   0x08002a14   0x00000010   Code   RO         2110    i.HAL_IncTick       stm32g0xx_hal.o
    0x08002a24   0x08002a24   0x00000028   Code   RO         2111    i.HAL_Init          stm32g0xx_hal.o
    0x08002a4c   0x08002a4c   0x00000048   Code   RO         2112    i.HAL_InitTick      stm32g0xx_hal.o
    0x08002a94   0x08002a94   0x0000003c   Code   RO          504    i.HAL_MspInit       stm32g0xx_hal_msp.o
    0x08002ad0   0x08002ad0   0x00000020   Code   RO         1977    i.HAL_NVIC_DisableIRQ  stm32g0xx_hal_cortex.o
    0x08002af0   0x08002af0   0x00000018   Code   RO         1978    i.HAL_NVIC_EnableIRQ  stm32g0xx_hal_cortex.o
    0x08002b08   0x08002b08   0x00000008   Code   RO         1982    i.HAL_NVIC_SetPriority  stm32g0xx_hal_cortex.o
    0x08002b10   0x08002b10   0x0000004c   Code   RO         1861    i.HAL_PWREx_ControlVoltageScaling  stm32g0xx_hal_pwr_ex.o
    0x08002b5c   0x08002b5c   0x0000014c   Code   RO         1327    i.HAL_RCCEx_PeriphCLKConfig  stm32g0xx_hal_rcc_ex.o
    0x08002ca8   0x08002ca8   0x00000158   Code   RO         1211    i.HAL_RCC_ClockConfig  stm32g0xx_hal_rcc.o
    0x08002e00   0x08002e00   0x00000028   Code   RO         1219    i.HAL_RCC_GetPCLK1Freq  stm32g0xx_hal_rcc.o
    0x08002e28   0x08002e28   0x0000008c   Code   RO         1221    i.HAL_RCC_GetSysClockFreq  stm32g0xx_hal_rcc.o
    0x08002eb4   0x08002eb4   0x000003d8   Code   RO         1225    i.HAL_RCC_OscConfig  stm32g0xx_hal_rcc.o
    0x0800328c   0x0800328c   0x000000ee   Code   RO         2394    i.HAL_SPI_Init      stm32g0xx_hal_spi.o
    0x0800337a   0x0800337a   0x00000002   PAD
    0x0800337c   0x0800337c   0x00000060   Code   RO          325    i.HAL_SPI_MspInit   spi.o
    0x080033dc   0x080033dc   0x00000168   Code   RO         2397    i.HAL_SPI_Receive   stm32g0xx_hal_spi.o
    0x08003544   0x08003544   0x00000160   Code   RO         2402    i.HAL_SPI_Transmit  stm32g0xx_hal_spi.o
    0x080036a4   0x080036a4   0x000001f8   Code   RO         2403    i.HAL_SPI_TransmitReceive  stm32g0xx_hal_spi.o
    0x0800389c   0x0800389c   0x00000030   Code   RO         1986    i.HAL_SYSTICK_Config  stm32g0xx_hal_cortex.o
    0x080038cc   0x080038cc   0x0000004c   Code   RO         2728    i.HAL_TIM_Base_Init  stm32g0xx_hal_tim.o
    0x08003918   0x08003918   0x00000028   Code   RO          363    i.HAL_TIM_Base_MspInit  tim.o
    0x08003940   0x08003940   0x0000006c   Code   RO         3766    i.HAL_UART_Init     stm32g0xx_hal_uart.o
    0x080039ac   0x080039ac   0x0000005c   Code   RO          401    i.HAL_UART_MspInit  usart.o
    0x08003a08   0x08003a08   0x000000ce   Code   RO         3775    i.HAL_UART_Transmit  stm32g0xx_hal_uart.o
    0x08003ad6   0x08003ad6   0x00000002   Code   RO          439    i.HardFault_Handler  stm32g0xx_it.o
    0x08003ad8   0x08003ad8   0x00000020   Code   RO          440    i.I2C1_IRQHandler   stm32g0xx_it.o
    0x08003af8   0x08003af8   0x0000001c   Code   RO          742    i.I2C_DMAAbort      stm32g0xx_hal_i2c.o
    0x08003b14   0x08003b14   0x00000052   Code   RO          748    i.I2C_Disable_IRQ   stm32g0xx_hal_i2c.o
    0x08003b66   0x08003b66   0x00000022   Code   RO          750    i.I2C_Flush_TXDR    stm32g0xx_hal_i2c.o
    0x08003b88   0x08003b88   0x0000007c   Code   RO          751    i.I2C_ITAddrCplt    stm32g0xx_hal_i2c.o
    0x08003c04   0x08003c04   0x00000114   Code   RO          752    i.I2C_ITError       stm32g0xx_hal_i2c.o
    0x08003d18   0x08003d18   0x00000068   Code   RO          753    i.I2C_ITListenCplt  stm32g0xx_hal_i2c.o
    0x08003d80   0x08003d80   0x000001c0   Code   RO          756    i.I2C_ITSlaveCplt   stm32g0xx_hal_i2c.o
    0x08003f40   0x08003f40   0x0000006a   Code   RO          757    i.I2C_ITSlaveSeqCplt  stm32g0xx_hal_i2c.o
    0x08003faa   0x08003faa   0x00000002   PAD
    0x08003fac   0x08003fac   0x00000110   Code   RO          758    i.I2C_IsErrorOccurred  stm32g0xx_hal_i2c.o
    0x080040bc   0x080040bc   0x00000060   Code   RO          763    i.I2C_RequestMemoryRead  stm32g0xx_hal_i2c.o
    0x0800411c   0x0800411c   0x00000060   Code   RO          764    i.I2C_RequestMemoryWrite  stm32g0xx_hal_i2c.o
    0x0800417c   0x0800417c   0x00000120   Code   RO          766    i.I2C_Slave_ISR_IT  stm32g0xx_hal_i2c.o
    0x0800429c   0x0800429c   0x0000002c   Code   RO          767    i.I2C_TransferConfig  stm32g0xx_hal_i2c.o
    0x080042c8   0x080042c8   0x00000026   Code   RO          768    i.I2C_TreatErrorCallback  stm32g0xx_hal_i2c.o
    0x080042ee   0x080042ee   0x00000072   Code   RO          769    i.I2C_WaitOnFlagUntilTimeout  stm32g0xx_hal_i2c.o
    0x08004360   0x08004360   0x00000056   Code   RO          771    i.I2C_WaitOnSTOPFlagUntilTimeout  stm32g0xx_hal_i2c.o
    0x080043b6   0x080043b6   0x0000005a   Code   RO          772    i.I2C_WaitOnTXISFlagUntilTimeout  stm32g0xx_hal_i2c.o
    0x08004410   0x08004410   0x00000158   Code   RO           15    i.INA226_read_buf   main.o
    0x08004568   0x08004568   0x0000007c   Code   RO          234    i.MX_GPIO_Init      gpio.o
    0x080045e4   0x080045e4   0x00000058   Code   RO          257    i.MX_I2C1_Init      i2c.o
    0x0800463c   0x0800463c   0x0000002c   Code   RO          298    i.MX_IWDG_Init      iwdg.o
    0x08004668   0x08004668   0x0000004c   Code   RO          326    i.MX_SPI1_Init      spi.o
    0x080046b4   0x080046b4   0x00000034   Code   RO          364    i.MX_TIM17_Init     tim.o
    0x080046e8   0x080046e8   0x0000003c   Code   RO          402    i.MX_USART2_UART_Init  usart.o
    0x08004724   0x08004724   0x00000002   Code   RO          441    i.NMI_Handler       stm32g0xx_it.o
    0x08004726   0x08004726   0x00000034   Code   RO          581    i.OLED_Clear        screen.o
    0x0800475a   0x0800475a   0x00000002   PAD
    0x0800475c   0x0800475c   0x000000d0   Code   RO          585    i.OLED_Init         screen.o
    0x0800482c   0x0800482c   0x0000001e   Code   RO          586    i.OLED_SetPos       screen.o
    0x0800484a   0x0800484a   0x00000082   Code   RO          588    i.OLED_ShowCN_Big   screen.o
    0x080048cc   0x080048cc   0x00000080   Code   RO          589    i.OLED_ShowChar     screen.o
    0x0800494c   0x0800494c   0x00000044   Code   RO          590    i.OLED_ShowEN       screen.o
    0x08004990   0x08004990   0x0000004e   Code   RO          591    i.OLED_ShowName     screen.o
    0x080049de   0x080049de   0x00000034   Code   RO          592    i.OLED_ShowString   screen.o
    0x08004a12   0x08004a12   0x00000002   Code   RO          442    i.PendSV_Handler    stm32g0xx_it.o
    0x08004a14   0x08004a14   0x00000002   Code   RO          443    i.RCC_IRQHandler    stm32g0xx_it.o
    0x08004a16   0x08004a16   0x00000078   Code   RO         2431    i.SPI_EndRxTransaction  stm32g0xx_hal_spi.o
    0x08004a8e   0x08004a8e   0x0000004c   Code   RO         2432    i.SPI_EndRxTxTransaction  stm32g0xx_hal_spi.o
    0x08004ada   0x08004ada   0x00000002   PAD
    0x08004adc   0x08004adc   0x000000d8   Code   RO         2437    i.SPI_WaitFifoStateUntilTimeout  stm32g0xx_hal_spi.o
    0x08004bb4   0x08004bb4   0x000000b8   Code   RO         2438    i.SPI_WaitFlagStateUntilTimeout  stm32g0xx_hal_spi.o
    0x08004c6c   0x08004c6c   0x00000024   Code   RO          593    i.SSD1306_WriteCmd  screen.o
    0x08004c90   0x08004c90   0x00000024   Code   RO          594    i.SSD1306_WriteData  screen.o
    0x08004cb4   0x08004cb4   0x00000002   Code   RO          444    i.SVC_Handler       stm32g0xx_it.o
    0x08004cb6   0x08004cb6   0x00000008   Code   RO          445    i.SysTick_Handler   stm32g0xx_it.o
    0x08004cbe   0x08004cbe   0x00000072   Code   RO           16    i.SystemClock_Config  main.o
    0x08004d30   0x08004d30   0x00000002   Code   RO         4268    i.SystemInit        system_stm32g0xx.o
    0x08004d32   0x08004d32   0x00000002   PAD
    0x08004d34   0x08004d34   0x00000088   Code   RO         2821    i.TIM_Base_SetConfig  stm32g0xx_hal_tim.o
    0x08004dbc   0x08004dbc   0x000000ca   Code   RO         3780    i.UART_AdvFeatureConfig  stm32g0xx_hal_uart.o
    0x08004e86   0x08004e86   0x00000002   PAD
    0x08004e88   0x08004e88   0x000000b8   Code   RO         3781    i.UART_CheckIdleState  stm32g0xx_hal_uart.o
    0x08004f40   0x08004f40   0x00000064   Code   RO         3792    i.UART_EndRxTransfer  stm32g0xx_hal_uart.o
    0x08004fa4   0x08004fa4   0x00000168   Code   RO         3798    i.UART_SetConfig    stm32g0xx_hal_uart.o
    0x0800510c   0x0800510c   0x00000090   Code   RO         3805    i.UART_WaitOnFlagUntilTimeout  stm32g0xx_hal_uart.o
    0x0800519c   0x0800519c   0x00000030   Code   RO         4448    i.__ARM_common_ll_muluu  c_p.l(btod.o)
    0x080051cc   0x080051cc   0x0000002c   Code   RO         4457    i.__ARM_fpclassify  m_ps.l(fpclassify.o)
    0x080051f8   0x080051f8   0x00000044   Code   RO         1988    i.__NVIC_SetPriority  stm32g0xx_hal_cortex.o
    0x0800523c   0x0800523c   0x0000000e   Code   RO         4344    i._is_digit         c_p.l(__printf_wp.o)
    0x0800524a   0x0800524a   0x00000002   PAD
    0x0800524c   0x0800524c   0x000002a4   Code   RO           17    i.main              main.o
    0x080054f0   0x080054f0   0x0000009c   Code   RO         4386    i.round             m_ps.l(round.o)
    0x0800558c   0x0800558c   0x0000002c   Code   RO         4451    locale$$code        c_p.l(lc_numeric_c.o)
    0x080055b8   0x080055b8   0x00000064   Code   RO         4408    x$fpl$dleqf         fz_ps.l(dlef.o)
    0x0800561c   0x0800561c   0x00000068   Code   RO         4410    x$fpl$drleqf        fz_ps.l(drlef.o)
    0x08005684   0x08005684   0x000000b0   Code   RO         4382    x$fpl$fmul          fz_ps.l(fmul.o)
    0x08005734   0x08005734   0x00000010   Code   RO         4384    x$fpl$printf1       fz_ps.l(printf1.o)
    0x08005744   0x08005744   0x00000000   Code   RO         4414    x$fpl$usenofp       fz_ps.l(usenofp.o)
    0x08005744   0x08005744   0x00000918   Data   RO          595    .constdata          screen.o
    0x0800605c   0x0800605c   0x000000c0   Data   RO          596    .constdata          screen.o
    0x0800611c   0x0800611c   0x000000d0   Data   RO          598    .constdata          screen.o
    0x080061ec   0x080061ec   0x00000180   Data   RO          600    .constdata          screen.o
    0x0800636c   0x0800636c   0x00000060   Data   RO          601    .constdata          screen.o
    0x080063cc   0x080063cc   0x00000060   Data   RO          602    .constdata          screen.o
    0x0800642c   0x0800642c   0x00000060   Data   RO          603    .constdata          screen.o
    0x0800648c   0x0800648c   0x00000060   Data   RO          604    .constdata          screen.o
    0x080064ec   0x080064ec   0x00000018   Data   RO         3806    .constdata          stm32g0xx_hal_uart.o
    0x08006504   0x08006504   0x00000040   Data   RO         4269    .constdata          system_stm32g0xx.o
    0x08006544   0x08006544   0x00000020   Data   RO         4270    .constdata          system_stm32g0xx.o
    0x08006564   0x08006564   0x00000094   Data   RO         4444    .constdata          c_p.l(bigflt0.o)
    0x080065f8   0x080065f8   0x00000020   Data   RO         4612    Region$$Table       anon$$obj.o
    0x08006618   0x08006618   0x0000001c   Data   RO         4450    locale$$data        c_p.l(lc_numeric_c.o)


    Execution Region RW_IRAM1 (Exec base: 0x20000000, Load base: 0x08006634, Size: 0x00000830, Max: 0x00002000, ABSOLUTE)

    Exec Addr    Load Addr    Size         Type   Attr      Idx    E Section Name        Object

    0x20000000   0x08006634   0x00000018   Data   RW           19    .data               main.o
    0x20000018   0x0800664c   0x0000000c   Data   RW         2124    .data               stm32g0xx_hal.o
    0x20000024   0x08006658   0x00000004   Data   RW         4271    .data               system_stm32g0xx.o
    0x20000028        -       0x00000054   Zero   RW          258    .bss                i2c.o
    0x2000007c        -       0x00000010   Zero   RW          299    .bss                iwdg.o
    0x2000008c        -       0x00000064   Zero   RW          327    .bss                spi.o
    0x200000f0        -       0x0000004c   Zero   RW          365    .bss                tim.o
    0x2000013c        -       0x00000094   Zero   RW          403    .bss                usart.o
    0x200001d0        -       0x00000060   Zero   RW         4460    .bss                c_p.l(libspace.o)
    0x20000230        -       0x00000200   Zero   RW            2    HEAP                startup_stm32g030xx.o
    0x20000430        -       0x00000400   Zero   RW            1    STACK               startup_stm32g030xx.o


==============================================================================

Image component sizes


      Code (inc. data)   RO Data    RW Data    ZI Data      Debug   Object Name

       124          6          0          0          0        875   gpio.o
       296         40          0          0         84       2169   i2c.o
       690        114          0          0          0       3863   imu.o
        44         12          0          0         16        663   iwdg.o
      1190        238          0         24          0     410020   main.o
       818         26       3496          0          0       7759   screen.o
       172         18          0          0        100       1617   spi.o
        56         26        192          0       1536        636   startup_stm32g030xx.o
       176         26          0         12          0      16013   stm32g0xx_hal.o
       180         30          0          0          0      12747   stm32g0xx_hal_cortex.o
       130          6          0          0          0       1774   stm32g0xx_hal_dma.o
         0          0          0          0          0       2712   stm32g0xx_hal_flash.o
       614         38          0          0          0       3914   stm32g0xx_hal_gpio.o
      3618         94          0          0          0      24376   stm32g0xx_hal_i2c.o
       146          0          0          0          0       1895   stm32g0xx_hal_i2c_ex.o
       124         20          0          0          0       1847   stm32g0xx_hal_iwdg.o
        60          6          0          0          0        830   stm32g0xx_hal_msp.o
        76         14          0          0          0        738   stm32g0xx_hal_pwr_ex.o
      1508         88          0          0          0      20281   stm32g0xx_hal_rcc.o
       332         12          0          0          0       1624   stm32g0xx_hal_rcc_ex.o
      2050          8          0          0          0      10358   stm32g0xx_hal_spi.o
       212         22          0          0          0       2759   stm32g0xx_hal_tim.o
      1304         42         24          0          0      27014   stm32g0xx_hal_uart.o
        70          4          0          0          0       3480   stm32g0xx_it.o
         2          0         96          4          0       1107   system_stm32g0xx.o
        92         22          0          0         76       1472   tim.o
       152         18          0          0        148       1630   usart.o

    ----------------------------------------------------------------------
     14256        930       3840         40       1960     564173   Object Totals
         0          0         32          0          0          0   (incl. Generated)
        20          0          0          0          0          0   (incl. Padding)

    ----------------------------------------------------------------------

      Code (inc. data)   RO Data    RW Data    ZI Data      Debug   Library Member Name

         8          0          0          0          0         68   __main.o
       352          0          0          0          0         76   __printf_ss_wp.o
        14          0          0          0          0         60   __printf_wp.o
         0          0          0          0          0          0   __rtentry.o
        12          0          0          0          0          0   __rtentry2.o
         6          0          0          0          0          0   __rtentry4.o
        60          8          0          0          0          0   __scatter.o
        26          0          0          0          0          0   __scatter_copy.o
        28          0          0          0          0          0   __scatter_zi.o
        10          0          0          0          0          0   _printf_c.o
        46          0          0          0          0        100   _printf_char.o
        48          6          0          0          0         88   _printf_char_common.o
        10          0          0          0          0          0   _printf_d.o
       108         18          0          0          0         76   _printf_dec.o
        10          0          0          0          0          0   _printf_f.o
      1048         14          0          0          0        176   _printf_fp_dec.o
       136         16          0          0          0         76   _printf_fp_infnan.o
        10          0          0          0          0          0   _printf_i.o
       176          0          0          0          0         84   _printf_intcommon.o
         2          0          0          0          0          0   _printf_percent.o
         4          0          0          0          0          0   _printf_percent_end.o
        82          0          0          0          0         72   _printf_str.o
        36          0          0          0          0         76   _printf_truncate.o
        10          0          0          0          0         60   _sputc.o
       346          0          0          0          0         92   aeabi_sdiv.o
       216          6        148          0          0         80   bigflt0.o
      1456         30          0          0          0        336   btod.o
        16          0          0          0          0         68   exit.o
         6          0          0          0          0        136   heapauxi.o
         0          0          0          0          0          0   indicate_semi.o
        44         10         28          0          0         76   lc_numeric_c.o
         2          0          0          0          0          0   libinit.o
        18          0          0          0          0          0   libinit2.o
         2          0          0          0          0          0   libshutdown.o
         2          0          0          0          0          0   libshutdown2.o
         8          4          0          0         96         68   libspace.o
       122          0          0          0          0         72   lludiv10.o
        40          4          0          0          0         84   noretval__2sprintf.o
         8          4          0          0          0         68   rt_locale_intlibspace.o
        64          0          0          0          0        108   rt_memclr.o
         2          0          0          0          0          0   rtexit.o
        10          0          0          0          0          0   rtexit2.o
        40          0          0          0          0         60   rtudiv10.o
       136          4          0          0          0         72   strcmp.o
        12          4          0          0          0         60   sys_exit.o
        62          0          0          0          0         80   sys_stackheap_outer.o
         2          0          0          0          0         68   use_no_semi.o
        46          0          0          0          0         60   cmpret.o
       124          4          0          0          0         72   d2f.o
       856         20          0          0          0        208   daddsub.o
       144          4          0          0          0         76   dcmpin.o
        88          0          0          0          0         92   dflti.o
       100          4          0          0          0         92   dlef.o
       584         26          0          0          0         84   dmul.o
        20          6          0          0          0         68   dnan2.o
       104          4          0          0          0        104   drlef.o
       240          8          0          0          0         76   drnd.o
        84          4          0          0          0         60   f2d.o
        48          0          0          0          0         60   ffixui.o
        94          0          0          0          0         92   fflti.o
       176          4          0          0          0         80   fmul.o
        16          4          0          0          0         76   printf1.o
        94          0          0          0          0         68   retnan.o
         0          0          0          0          0          0   usenofp.o
        44          4          0          0          0         60   fpclassify.o
       156         14          0          0          0         84   round.o

    ----------------------------------------------------------------------
      7892        234        176          0         96       4052   Library Totals
        18          0          0          0          0          0   (incl. Padding)

    ----------------------------------------------------------------------

      Code (inc. data)   RO Data    RW Data    ZI Data      Debug   Library Name

      4856        128        176          0         96       2540   c_p.l
      2818         88          0          0          0       1368   fz_ps.l
       200         18          0          0          0        144   m_ps.l

    ----------------------------------------------------------------------
      7892        234        176          0         96       4052   Library Totals

    ----------------------------------------------------------------------

==============================================================================


      Code (inc. data)   RO Data    RW Data    ZI Data      Debug   

     22148       1164       4016         40       2056     561389   Grand Totals
     22148       1164       4016         40       2056     561389   ELF Image Totals
     22148       1164       4016         40          0          0   ROM Totals

==============================================================================

    Total RO  Size (Code + RO Data)                26164 (  25.55kB)
    Total RW  Size (RW Data + ZI Data)              2096 (   2.05kB)
    Total ROM Size (Code + RO Data + RW Data)      26204 (  25.59kB)

==============================================================================

