<html>
<body>
<pre>
<h1>µVision Build Log</h1>
<h2>Tool Versions:</h2>
IDE-Version: £gVision V5.38.0.0
Copyright (C) 2022 ARM Ltd and ARM Germany GmbH. All rights reserved.
License Information: wanchuan lin, dd, LIC=MGXG8-3A5CQ-D30M3-AZT9P-MB3K9-TZEG5
 
Tool Versions:
Toolchain:       MDK-ARM Professional  Version: 5.34.0.0
Toolchain Path:  C:\Keil_v5\ARM\ARMCC\Bin
C Compiler:      Armcc.exe V5.06 update 7 (build 960)
Assembler:       Armasm.exe V5.06 update 7 (build 960)
Linker/Locator:  ArmLink.exe V5.06 update 7 (build 960)
Library Manager: ArmAr.exe V5.06 update 7 (build 960)
Hex Converter:   FromElf.exe V5.06 update 7 (build 960)
CPU DLL:         SARMCM3.DLL V5.34.0.0
Dialog DLL:      DARMCM1.DLL V1.19.4.0
Target DLL:      STLink\ST-LINKIII-KEIL_SWO.dll V3.0.8.0
Dialog DLL:      TARMCM1.DLL V1.14.3.0
 
<h2>Project:</h2>
C:\Users\15010\Desktop\keil_projects\USBPowerMeter\MDK-ARM\USBPowerMeter.uvprojx
Project File Date:  02/23/2024

<h2>Output:</h2>
*** Using Compiler 'V5.06 update 7 (build 960)', folder: 'C:\Keil_v5\ARM\ARMCC\Bin'
Build target 'USBPowerMeter'
compiling stm32g0xx_it.c...
compiling stm32g0xx_ll_rcc.c...
compiling gpio.c...
compiling iwdg.c...
compiling screen.c...
compiling stm32g0xx_hal_i2c_ex.c...
compiling stm32g0xx_hal_msp.c...
compiling stm32g0xx_hal_rcc_ex.c...
compiling main.c...
compiling stm32g0xx_ll_dma.c...
compiling stm32g0xx_hal_rcc.c...
compiling imu.c...
compiling usart.c...
compiling spi.c...
compiling tim.c...
compiling i2c.c...
compiling stm32g0xx_hal_i2c.c...
compiling stm32g0xx_hal.c...
compiling stm32g0xx_hal_cortex.c...
compiling stm32g0xx_hal_spi_ex.c...
compiling stm32g0xx_hal_dma.c...
compiling stm32g0xx_hal_dma_ex.c...
compiling stm32g0xx_hal_iwdg.c...
compiling stm32g0xx_hal_gpio.c...
compiling stm32g0xx_hal_pwr_ex.c...
compiling stm32g0xx_hal_flash_ex.c...
compiling stm32g0xx_hal_exti.c...
compiling stm32g0xx_hal_pwr.c...
compiling stm32g0xx_hal_flash.c...
compiling stm32g0xx_hal_spi.c...
compiling stm32g0xx_hal_tim_ex.c...
compiling stm32g0xx_hal_tim.c...
compiling system_stm32g0xx.c...
compiling stm32g0xx_hal_uart_ex.c...
compiling stm32g0xx_hal_uart.c...
linking...
Program Size: Code=22148 RO-data=4016 RW-data=40 ZI-data=2056  
FromELF: creating hex file...
"USBPowerMeter\USBPowerMeter.axf" - 0 Error(s), 0 Warning(s).

<h2>Software Packages used:</h2>

Package Vendor: ARM
                http://www.keil.com/pack/ARM.CMSIS.5.7.0.pack
                ARM.CMSIS.5.7.0
                CMSIS (Cortex Microcontroller Software Interface Standard)
   * Component: CORE Version: 5.4.0

Package Vendor: Keil
                http://www.keil.com/pack/Keil.STM32G0xx_DFP.1.4.0.pack
                Keil.STM32G0xx_DFP.1.4.0
                STMicroelectronics STM32G0 Series Device Support

<h2>Collection of Component include folders:</h2>
  ./RTE/_USBPowerMeter
  C:/Users/15010/AppData/Local/Arm/Packs/ARM/CMSIS/5.7.0/CMSIS/Core/Include
  C:/Users/15010/AppData/Local/Arm/Packs/Keil/STM32G0xx_DFP/1.4.0/Drivers/CMSIS/Device/ST/STM32G0xx/Include

<h2>Collection of Component Files used:</h2>

   * Component: ARM::CMSIS:CORE:5.4.0
      Include file:  CMSIS/Core/Include/tz_context.h
Build Time Elapsed:  00:00:05
</pre>
</body>
</html>
